Archive member included to satisfy reference by file (symbol)

C:/devkitPro.900/libnx/lib\libnx.a(spl.o)
                              main.o (splInitialize)
C:/devkitPro.900/libnx/lib\libnx.a(hid.o)
                              main.o (hidKeysDown)
C:/devkitPro.900/libnx/lib\libnx.a(applet.o)
                              C:/devkitPro.900/libnx/lib\libnx.a(hid.o) (appletGetAppletResourceUserId)
C:/devkitPro.900/libnx/lib\libnx.a(env.o)
                              C:/devkitPro.900/libnx/lib\libnx.a(applet.o) (envIsNso)
C:/devkitPro.900/libnx/lib\libnx.a(hosversion.o)
                              C:/devkitPro.900/libnx/lib\libnx.a(spl.o) (hosversionGet)
C:/devkitPro.900/libnx/lib\libnx.a(console.o)
                              main.o (consoleInit)
C:/devkitPro.900/libnx/lib\libnx.a(svc.o)
                              C:/devkitPro.900/libnx/lib\libnx.a(applet.o) (svcExitProcess)
C:/devkitPro.900/libnx/lib\libnx.a(switch_crt0.o)
                              (_start)
C:/devkitPro.900/libnx/lib\libnx.a(exception.o)
                              C:/devkitPro.900/libnx/lib\libnx.a(switch_crt0.o) (__libnx_exception_entry)
C:/devkitPro.900/libnx/lib\libnx.a(default_font.bin.o)
                              C:/devkitPro.900/libnx/lib\libnx.a(console.o) (default_font_bin)
C:/devkitPro.900/libnx/lib\libnx.a(event.o)
                              C:/devkitPro.900/libnx/lib\libnx.a(hid.o) (eventLoadRemote)
C:/devkitPro.900/libnx/lib\libnx.a(tmem.o)
                              C:/devkitPro.900/libnx/lib\libnx.a(applet.o) (tmemCreate)
C:/devkitPro.900/libnx/lib\libnx.a(rwlock.o)
                              C:/devkitPro.900/libnx/lib\libnx.a(hid.o) (rwlockReadLock)
C:/devkitPro.900/libnx/lib\libnx.a(wait.o)
                              C:/devkitPro.900/libnx/lib\libnx.a(applet.o) (waitObjects)
C:/devkitPro.900/libnx/lib\libnx.a(shmem.o)
                              C:/devkitPro.900/libnx/lib\libnx.a(hid.o) (shmemLoadRemote)
C:/devkitPro.900/libnx/lib\libnx.a(sm.o)
                              C:/devkitPro.900/libnx/lib\libnx.a(env.o) (smAddOverrideHandle)
C:/devkitPro.900/libnx/lib\libnx.a(fatal.o)
                              C:/devkitPro.900/libnx/lib\libnx.a(applet.o) (fatalSimple)
C:/devkitPro.900/libnx/lib\libnx.a(apm.o)
                              C:/devkitPro.900/libnx/lib\libnx.a(applet.o) (apmExit)
C:/devkitPro.900/libnx/lib\libnx.a(argv.o)
                              C:/devkitPro.900/libnx/lib\libnx.a(switch_crt0.o) (__system_argv)
C:/devkitPro.900/libnx/lib\libnx.a(nxlink.o)
                              C:/devkitPro.900/libnx/lib\libnx.a(argv.o) (nxlinkSetup)
C:/devkitPro.900/libnx/lib\libnx.a(init.o)
                              C:/devkitPro.900/libnx/lib\libnx.a(switch_crt0.o) (__libnx_init)
C:/devkitPro.900/libnx/lib\libnx.a(dynamic.o)
                              C:/devkitPro.900/libnx/lib\libnx.a(switch_crt0.o) (__nx_dynamic)
C:/devkitPro.900/libnx/lib\libnx.a(fs_dev.o)
                              C:/devkitPro.900/libnx/lib\libnx.a(init.o) (fsdevMountSdmc)
C:/devkitPro.900/libnx/lib\libnx.a(console_sw.o)
                              C:/devkitPro.900/libnx/lib\libnx.a(console.o) (getDefaultConsoleRenderer)
C:/devkitPro.900/libnx/lib\libnx.a(decode_utf8.o)
                              C:/devkitPro.900/libnx/lib\libnx.a(fs_dev.o) (decode_utf8)
C:/devkitPro.900/libnx/lib\libnx.a(readtp.o)
                              C:/devkitPro.900/libnx/lib\libnx.a(fs_dev.o) (__aarch64_read_tp)
C:/devkitPro.900/libnx/lib\libnx.a(condvar.o)
                              C:/devkitPro.900/libnx/lib\libnx.a(rwlock.o) (condvarWaitTimeout)
C:/devkitPro.900/libnx/lib\libnx.a(virtmem.o)
                              C:/devkitPro.900/libnx/lib\libnx.a(init.o) (virtmemSetup)
C:/devkitPro.900/libnx/lib\libnx.a(mutex.o)
                              C:/devkitPro.900/libnx/lib\libnx.a(rwlock.o) (mutexLock)
C:/devkitPro.900/libnx/lib\libnx.a(detect.o)
                              C:/devkitPro.900/libnx/lib\libnx.a(fatal.o) (detectKernelVersion)
C:/devkitPro.900/libnx/lib\libnx.a(fs.o)
                              C:/devkitPro.900/libnx/lib\libnx.a(init.o) (fsInitialize)
C:/devkitPro.900/libnx/lib\libnx.a(set.o)
                              C:/devkitPro.900/libnx/lib\libnx.a(init.o) (setsysInitialize)
C:/devkitPro.900/libnx/lib\libnx.a(time.o)
                              C:/devkitPro.900/libnx/lib\libnx.a(init.o) (timeExit)
C:/devkitPro.900/libnx/lib\libnx.a(native_window.o)
                              C:/devkitPro.900/libnx/lib\libnx.a(console_sw.o) (nwindowSetDimensions)
C:/devkitPro.900/libnx/lib\libnx.a(default_window.o)
                              C:/devkitPro.900/libnx/lib\libnx.a(console_sw.o) (nwindowGetDefault)
C:/devkitPro.900/libnx/lib\libnx.a(binder.o)
                              C:/devkitPro.900/libnx/lib\libnx.a(native_window.o) (binderCreate)
C:/devkitPro.900/libnx/lib\libnx.a(buffer_producer.o)
[...]
Memory Configuration

Name             Origin             Length             Attributes
*default*        0x0000000000000000 0xffffffffffffffff

Linker script and memory map

                0x0000000000000000                PROVIDE (__start__ = 0x0)
                0x0000000000000000                . = __start__
                0x0000000000000000                __code_start = .

.crt0           0x0000000000000000      0x158
 *(.crt0)
 .crt0          0x0000000000000000      0x158 C:/devkitPro.900/libnx/lib\libnx.a(switch_crt0.o)
                0x0000000000000000                _start
                0x0000000000000120                __nx_exit
                0x0000000000000130                __nx_mod0
                0x0000000000000158                . = ALIGN (0x8)

.init           0x0000000000000158       0x38
 *(.init)
 .init          0x0000000000000158       0x18 c:/devkitpro.900/devkita64/bin/../lib/gcc/aarch64-none-elf/8.3.0/pic/crti.o
                0x0000000000000158                _init
 .init          0x0000000000000170       0x1c c:/devkitpro.900/devkita64/bin/../lib/gcc/aarch64-none-elf/8.3.0/pic/crtn.o
                0x0000000000000190                . = ALIGN (0x8)
 *fill*         0x000000000000018c        0x4 

.plt            0x0000000000000190        0x0
 *(.plt)
 .plt           0x0000000000000190        0x0 c:/devkitpro.900/devkita64/bin/../lib/gcc/aarch64-none-elf/8.3.0/pic/crti.o
 *(.iplt)
                0x0000000000000190                . = ALIGN (0x8)

.text           0x00000000000001c0    0x29348
 *(.text.unlikely .text.*_unlikely .text.unlikely.*)
 *(.text.exit .text.exit.*)
 .text.exit     0x00000000000001c0       0x38 c:/devkitpro.900/devkita64/bin/../lib/gcc/aarch64-none-elf/8.3.0/../../../../aarch64-none-elf/lib/pic\libg.a(lib_a-exit.o)
                0x00000000000001c0                exit
 *(.text.startup .text.startup.*)
 *fill*         0x00000000000001f8        0x8 
 .text.startup.main
                0x0000000000000200      0x1c8 main.o
                0x0000000000000200                main
 *(.text.hot .text.hot.*)
 *(.text .stub .text.* .gnu.linkonce.t.*)
 .text.deregister_tm_clones
                0x00000000000003c8       0x2c c:/devkitpro.900/devkita64/bin/../lib/gcc/aarch64-none-elf/8.3.0/pic/crtbegin.o
 *fill*         0x00000000000003f4        0x4 
 .text.register_tm_clones
                0x00000000000003f8       0x38 c:/devkitpro.900/devkita64/bin/../lib/gcc/aarch64-none-elf/8.3.0/pic/crtbegin.o
 .text.__do_global_dtors_aux
                0x0000000000000430       0x48 c:/devkitpro.900/devkita64/bin/../lib/gcc/aarch64-none-elf/8.3.0/pic/crtbegin.o
 .text.frame_dummy
                0x0000000000000478       0x34 c:/devkitpro.900/devkita64/bin/../lib/gcc/aarch64-none-elf/8.3.0/pic/crtbegin.o
 *fill*         0x00000000000004ac        0x4 
 .text.do_iram_dram_copy
                0x00000000000004b0       0x7c main.o
                0x00000000000004b0                do_iram_dram_copy
 *fill*         0x000000000000052c        0x4 
 .text._splSrvInitialize
                0x0000000000000530       0x2c C:/devkitPro.900/libnx/lib\libnx.a(spl.o)
 *fill*         0x000000000000055c        0x4 
 .text._splGetCryptoSrv
                0x0000000000000560       0x7c C:/devkitPro.900/libnx/lib\libnx.a(spl.o)
 *fill*         0x00000000000005dc        0x4 
 .text._splGetGeneralSrv.part.6
                0x00000000000005e0       0x18 C:/devkitPro.900/libnx/lib\libnx.a(spl.o)
 *fill*         0x00000000000005f8        0x8 
 .text.ipcCloseObjectById
                0x0000000000000600       0x34 C:/devkitPro.900/libnx/lib\libnx.a(spl.o)
 *fill*         0x0000000000000634        0xc 
 .text._splSrvExit
                0x0000000000000640       0x78 C:/devkitPro.900/libnx/lib\libnx.a(spl.o)
 *fill*         0x00000000000006b8        0x8 
 .text.splInitialize
                0x00000000000006c0       0x1c C:/devkitPro.900/libnx/lib\libnx.a(spl.o)
                0x00000000000006c0                splInitialize
 *fill*         0x00000000000006dc        0x4 
 .text.splExit  0x00000000000006e0       0x14 C:/devkitPro.900/libnx/lib\libnx.a(spl.o)
                0x00000000000006e0                splExit
 *fill*         0x00000000000006f4        0xc 
 .text.splSetConfig
                0x0000000000000700       0xf4 C:/devkitPro.900/libnx/lib\libnx.a(spl.o)
                0x0000000000000700                splSetConfig
 *fill*         0x00000000000007f4        0xc 
 .text.ipcCloseObjectById
                0x0000000000000800       0x34 C:/devkitPro.900/libnx/lib\libnx.a(hid.o)
 *fill*         0x0000000000000834        0xc 
 .text._hidGetSharedMemoryHandle.constprop.18
                0x0000000000000840      0x124 C:/devkitPro.900/libnx/lib\libnx.a(hid.o)
 *fill*         0x0000000000000964        0xc 
 .text._hidCmdWithNoInput
                0x0000000000000970      0x100 C:/devkitPro.900/libnx/lib\libnx.a(hid.o)
 .text._hidCreateAppletResource.constprop.17
                0x0000000000000a70      0x134 C:/devkitPro.900/libnx/lib\libnx.a(hid.o)
 *fill*         0x0000000000000ba4        0xc 
 .text._hidCmdWithInputU32
                0x0000000000000bb0      0x10c C:/devkitPro.900/libnx/lib\libnx.a(hid.o)
 *fill*         0x0000000000000cbc        0x4 
 .text._hidCmdWithInputU64.constprop.24
                0x0000000000000cc0      0x108 C:/devkitPro.900/libnx/lib\libnx.a(hid.o)
 *fill*         0x0000000000000dc8        0x8 
 .text.hidReset
                0x0000000000000dd0      0x1f8 C:/devkitPro.900/libnx/lib\libnx.a(hid.o)
                0x0000000000000dd0                hidReset
 *fill*         0x0000000000000fc8        0x8 
 .text.hidGetSharedmemAddr
                0x0000000000000fd0        0xc C:/devkitPro.900/libnx/lib\libnx.a(hid.o)
                0x0000000000000fd0                hidGetSharedmemAddr
 *fill*         0x0000000000000fdc        0x4 
 .text.hidKeysDown
                0x0000000000000fe0       0x6c C:/devkitPro.900/libnx/lib\libnx.a(hid.o)
                0x0000000000000fe0                hidKeysDown
 *fill*         0x000000000000104c        0x4 
 .text.hidTouchCount
                0x0000000000001050        0xc C:/devkitPro.900/libnx/lib\libnx.a(hid.o)
                0x0000000000001050                hidTouchCount
 *fill*         0x000000000000105c        0x4 
 .text.hidScanInput
                0x0000000000001060      0x598 C:/devkitPro.900/libnx/lib\libnx.a(hid.o)
                0x0000000000001060                hidScanInput
 *fill*         0x00000000000015f8        0x8 
 .text.hidSetSupportedNpadStyleSet
                0x0000000000001600        0xc C:/devkitPro.900/libnx/lib\libnx.a(hid.o)
                0x0000000000001600                hidSetSupportedNpadStyleSet
 *fill*         0x000000000000160c        0x4 
 .text.hidSetSupportedNpadIdType
                0x0000000000001610      0x198 C:/devkitPro.900/libnx/lib\libnx.a(hid.o)
                0x0000000000001610                hidSetSupportedNpadIdType
 *fill*         0x00000000000017a8        0x8 
 .text.hidSetNpadJoyHoldType
                0x00000000000017b0        0x8 C:/devkitPro.900/libnx/lib\libnx.a(hid.o)
                0x00000000000017b0                hidSetNpadJoyHoldType
 *fill*         0x00000000000017b8        0x8 
 .text.hidSetNpadJoyAssignmentModeDual
                0x00000000000017c0       0x24 C:/devkitPro.900/libnx/lib\libnx.a(hid.o)
                0x00000000000017c0                hidSetNpadJoyAssignmentModeDual
 *fill*         0x00000000000017e4        0xc 
 .text.hidFinalizeSevenSixAxisSensor
                0x00000000000017f0       0x80 C:/devkitPro.900/libnx/lib\libnx.a(hid.o)
                0x00000000000017f0                hidFinalizeSevenSixAxisSensor
 .text.hidExit  0x0000000000001870      0x134 C:/devkitPro.900/libnx/lib\libnx.a(hid.o)
                0x0000000000001870                hidExit
 *fill*         0x00000000000019a4        0xc 
 .text.hidInitialize
                0x00000000000019b0      0x170 C:/devkitPro.900/libnx/lib\libnx.a(hid.o)
                0x00000000000019b0                hidInitialize
 .text.ipcPrepareHeader
                0x0000000000001b20      0x220 C:/devkitPro.900/libnx/lib\libnx.a(applet.o)
 .text.ipcParse
                0x0000000000001d40      0x22c C:/devkitPro.900/libnx/lib\libnx.a(applet.o)
 *fill*         0x0000000000001f6c        0x4 
 .text.serviceIpcParse
                0x0000000000001f70       0xb0 C:/devkitPro.900/libnx/lib\libnx.a(applet.o)
 .text._appletInfiniteSleepLoop
                0x0000000000002020       0x24 C:/devkitPro.900/libnx/lib\libnx.a(applet.o)
 *fill*         0x0000000000002044        0xc 
 .text.ipcConvertSessionToDomain
                0x0000000000002050       0x78 C:/devkitPro.900/libnx/lib\libnx.a(applet.o)
 *fill*         0x00000000000020c8        0x8 
 .text.serviceIpcPrepareHeader
                0x00000000000020d0       0xa8 C:/devkitPro.900/libnx/lib\libnx.a(applet.o)
 *fill*         0x0000000000002178        0x8 
 .text.ipcQueryPointerBufferSize.part.38
                0x0000000000002180       0x38 C:/devkitPro.900/libnx/lib\libnx.a(applet.o)
 *fill*         0x00000000000021b8        0x8 
 .text.ipcCloneSession.constprop.62
                0x00000000000021c0       0x84 C:/devkitPro.900/libnx/lib\libnx.a(applet.o)
 *fill*         0x0000000000002244        0xc 
 .text._appletGetSessionProxy.constprop.57
                0x0000000000002250      0x19c C:/devkitPro.900/libnx/lib\libnx.a(applet.o)
 *fill*         0x00000000000023ec        0x4 
 .text.ipcCloseObjectById
                0x00000000000023f0       0x34 C:/devkitPro.900/libnx/lib\libnx.a(applet.o)
 *fill*         0x0000000000002424        0xc 
 .text.serviceClose
                0x0000000000002430       0x6c C:/devkitPro.900/libnx/lib\libnx.a(applet.o)
 *fill*         0x000000000000249c        0x4 
 .text._appletGetLaunchReason
                0x00000000000024a0      0x148 C:/devkitPro.900/libnx/lib\libnx.a(applet.o)
 *fill*         0x00000000000025e8        0x8 
 .text._appletCmdNoInOut32
                0x00000000000025f0      0x1b8 C:/devkitPro.900/libnx/lib\libnx.a(applet.o)
 *fill*         0x00000000000027a8        0x8 
 .text._appletCmdNoInOut64
                0x00000000000027b0      0x1b8 C:/devkitPro.900/libnx/lib\libnx.a(applet.o)
 *fill*         0x0000000000002968        0x8 
 .text._appletGetLibraryAppletInfo
                0x0000000000002970      0x1b8 C:/devkitPro.900/libnx/lib\libnx.a(applet.o)
 *fill*         0x0000000000002b28        0x8 
 .text._appletCmdNoInOutU8
                0x0000000000002b30      0x1b8 C:/devkitPro.900/libnx/lib\libnx.a(applet.o)
 *fill*         0x0000000000002ce8        0x8 
 .text._appletCmdNoInOutBool
                0x0000000000002cf0       0x44 C:/devkitPro.900/libnx/lib\libnx.a(applet.o)
 *fill*         0x0000000000002d34        0xc 
 .text._appletCmdInU8
                0x0000000000002d40      0x1b0 C:/devkitPro.900/libnx/lib\libnx.a(applet.o)
 .text._appletSetFocusHandlingMode
                0x0000000000002ef0      0x1b8 C:/devkitPro.900/libnx/lib\libnx.a(applet.o)
 *fill*         0x00000000000030a8        0x8 
 .text._appletGetHandle.constprop.60
                0x00000000000030b0      0x1b4 C:/devkitPro.900/libnx/lib\libnx.a(applet.o)
 *fill*         0x0000000000003264        0xc 
 .text._appletGetEvent
                0x0000000000003270       0x64 C:/devkitPro.900/libnx/lib\libnx.a(applet.o)
 *fill*         0x00000000000032d4        0xc 
 .text._appletCmdNoIO
                0x00000000000032e0      0x17c C:/devkitPro.900/libnx/lib\libnx.a(applet.o)
 *fill*         0x000000000000345c        0x4 
 .text._appletCmdInU32
                0x0000000000003460      0x190 C:/devkitPro.900/libnx/lib\libnx.a(applet.o)
 .text._appletGetSession
                0x00000000000035f0      0x1dc C:/devkitPro.900/libnx/lib\libnx.a(applet.o)
 *fill*         0x00000000000037cc        0x4 
 .text.appletGetAppletType
                0x00000000000037d0       0x10 C:/devkitPro.900/libnx/lib\libnx.a(applet.o)
                0x00000000000037d0                appletGetAppletType
 .text.appletSetFocusHandlingMode
                0x00000000000037e0       0xfc C:/devkitPro.900/libnx/lib\libnx.a(applet.o)
                0x00000000000037e0                appletSetFocusHandlingMode
 *fill*         0x00000000000038dc        0x4 
 .text.appletSetCpuBoostMode
                0x00000000000038e0       0x5c C:/devkitPro.900/libnx/lib\libnx.a(applet.o)
                0x00000000000038e0                appletSetCpuBoostMode
 *fill*         0x000000000000393c        0x4 
 .text.appletCreateManagedDisplayLayer
                0x0000000000003940       0x14 C:/devkitPro.900/libnx/lib\libnx.a(applet.o)
                0x0000000000003940                appletCreateManagedDisplayLayer
 *fill*         0x0000000000003954        0xc 
 .text.appletGetAppletResourceUserId
                0x0000000000003960       0x28 C:/devkitPro.900/libnx/lib\libnx.a(applet.o)
                0x0000000000003960                appletGetAppletResourceUserId
 *fill*         0x0000000000003988        0x8 
 .text._appletGetIndirectLayerConsumerHandle
                0x0000000000003990      0x128 C:/devkitPro.900/libnx/lib\libnx.a(applet.o)
 *fill*         0x0000000000003ab8        0x8 
 .text._appletHolderCreateState
                0x0000000000003ac0       0x70 C:/devkitPro.900/libnx/lib\libnx.a(applet.o)
 .text.appletHolderClose
                0x0000000000003b30       0x94 C:/devkitPro.900/libnx/lib\libnx.a(applet.o)
                0x0000000000003b30                appletHolderClose
 *fill*         0x0000000000003bc4        0xc 
 .text.appletHolderGetLibraryAppletInfo
                0x0000000000003bd0        0x8 C:/devkitPro.900/libnx/lib\libnx.a(applet.o)
                0x0000000000003bd0                appletHolderGetLibraryAppletInfo
 *fill*         0x0000000000003bd8        0x8 
 .text.appletNotifyRunning
                0x0000000000003be0       0x58 C:/devkitPro.900/libnx/lib\libnx.a(applet.o)
                0x0000000000003be0                appletNotifyRunning
 *fill*         0x0000000000003c38        0x8 
 .text.appletSetGamePlayRecordingState
                0x0000000000003c40       0xe8 C:/devkitPro.900/libnx/lib\libnx.a(applet.o)
                0x0000000000003c40                appletSetGamePlayRecordingState
 *fill*         0x0000000000003d28        0x8 
 .text.appletExit
                0x0000000000003d30      0x674 C:/devkitPro.900/libnx/lib\libnx.a(applet.o)
                0x0000000000003d30                appletExit
 *fill*         0x00000000000043a4        0xc 
 .text._appletExitProcess
                0x00000000000043b0       0x20 C:/devkitPro.900/libnx/lib\libnx.a(applet.o)
 .text.appletGetLibraryAppletInfo
                0x00000000000043d0       0x30 C:/devkitPro.900/libnx/lib\libnx.a(applet.o)
                0x00000000000043d0                appletGetLibraryAppletInfo
 .text.appletInitialize
                0x0000000000004400      0x818 C:/devkitPro.900/libnx/lib\libnx.a(applet.o)
                0x0000000000004400                appletInitialize
 *fill*         0x0000000000004c18        0x8 
 .text.appletGetMessage
                0x0000000000004c20       0x68 C:/devkitPro.900/libnx/lib\libnx.a(applet.o)
                0x0000000000004c20                appletGetMessage
 *fill*         0x0000000000004c88        0x8 
 .text.appletProcessMessage
                0x0000000000004c90      0x220 C:/devkitPro.900/libnx/lib\libnx.a(applet.o)
                0x0000000000004c90                appletProcessMessage
 .text.appletMainLoop
                0x0000000000004eb0       0x34 C:/devkitPro.900/libnx/lib\libnx.a(applet.o)
                0x0000000000004eb0                appletMainLoop
 *fill*         0x0000000000004ee4        0xc 
 .text.envSetup
                0x0000000000004ef0      0x254 C:/devkitPro.900/libnx/lib\libnx.a(env.o)
                0x0000000000004ef0                envSetup
 *fill*         0x0000000000005144        0xc 
 .text.envGetMainThreadHandle
                0x0000000000005150       0x20 C:/devkitPro.900/libnx/lib\libnx.a(env.o)
                0x0000000000005150                envGetMainThreadHandle
 .text.envIsNso
                0x0000000000005170        0xc C:/devkitPro.900/libnx/lib\libnx.a(env.o)
                0x0000000000005170                envIsNso
 *fill*         0x000000000000517c        0x4 
 .text.envHasHeapOverride
                0x0000000000005180       0x14 C:/devkitPro.900/libnx/lib\libnx.a(env.o)
                0x0000000000005180                envHasHeapOverride
 *fill*         0x0000000000005194        0xc 
 .text.envGetHeapOverrideAddr
                0x00000000000051a0        0xc C:/devkitPro.900/libnx/lib\libnx.a(env.o)
                0x00000000000051a0                envGetHeapOverrideAddr
 *fill*         0x00000000000051ac        0x4 
 .text.envGetHeapOverrideSize
                0x00000000000051b0        0xc C:/devkitPro.900/libnx/lib\libnx.a(env.o)
                0x00000000000051b0                envGetHeapOverrideSize
 *fill*         0x00000000000051bc        0x4 
 .text.envHasArgv
                0x00000000000051c0       0x14 C:/devkitPro.900/libnx/lib\libnx.a(env.o)
                0x00000000000051c0                envHasArgv
 *fill*         0x00000000000051d4        0xc 
 .text.envGetArgv
                0x00000000000051e0        0xc C:/devkitPro.900/libnx/lib\libnx.a(env.o)
                0x00000000000051e0                envGetArgv
 *fill*         0x00000000000051ec        0x4 
 .text.envGetExitFuncPtr
                0x00000000000051f0        0xc C:/devkitPro.900/libnx/lib\libnx.a(env.o)
                0x00000000000051f0                envGetExitFuncPtr
 *fill*         0x00000000000051fc        0x4 
 .text.envSetExitFuncPtr
                0x0000000000005200        0xc C:/devkitPro.900/libnx/lib\libnx.a(env.o)
                0x0000000000005200                envSetExitFuncPtr
 *fill*         0x000000000000520c        0x4 
 .text.hosversionGet
                0x0000000000005210       0x10 C:/devkitPro.900/libnx/lib\libnx.a(hosversion.o)
                0x0000000000005210                hosversionGet
 .text.hosversionSet
                0x0000000000005220       0x10 C:/devkitPro.900/libnx/lib\libnx.a(hosversion.o)
                0x0000000000005220                hosversionSet
 .text.consoleDrawChar
                0x0000000000005230       0x44 C:/devkitPro.900/libnx/lib\libnx.a(console.o)
 *fill*         0x0000000000005274        0xc 
 .text.consoleClearLine
                0x0000000000005280      0x140 C:/devkitPro.900/libnx/lib\libnx.a(console.o)
 .text.consoleNewRow
                0x00000000000053c0       0x4c C:/devkitPro.900/libnx/lib\libnx.a(console.o)
 *fill*         0x000000000000540c        0x4 
 .text.consolePrintChar
                0x0000000000005410      0x118 C:/devkitPro.900/libnx/lib\libnx.a(console.o)
 *fill*         0x0000000000005528        0x8 
 .text.consoleCls
                0x0000000000005530      0x15c C:/devkitPro.900/libnx/lib\libnx.a(console.o)
 *fill*         0x000000000000568c        0x4 
 .text.con_write
                0x0000000000005690      0x7e0 C:/devkitPro.900/libnx/lib\libnx.a(console.o)
 .text.consoleInit
                0x0000000000005e70      0x11c C:/devkitPro.900/libnx/lib\libnx.a(console.o)
                0x0000000000005e70                consoleInit
 *fill*         0x0000000000005f8c        0x4 
 .text.consoleExit
                0x0000000000005f90       0x48 C:/devkitPro.900/libnx/lib\libnx.a(console.o)
                0x0000000000005f90                consoleExit
 *fill*         0x0000000000005fd8        0x8 
 .text.consoleUpdate
                0x0000000000005fe0       0x28 C:/devkitPro.900/libnx/lib\libnx.a(console.o)
                0x0000000000005fe0                consoleUpdate
 .text.svcSetHeapSize
                0x0000000000006008       0x14 C:/devkitPro.900/libnx/lib\libnx.a(svc.o)
                0x0000000000006008                svcSetHeapSize
 .text.svcSetMemoryAttribute
                0x000000000000601c        0x8 C:/devkitPro.900/libnx/lib\libnx.a(svc.o)
                0x000000000000601c                svcSetMemoryAttribute
 .text.svcUnmapMemory
                0x0000000000006024        0x8 C:/devkitPro.900/libnx/lib\libnx.a(svc.o)
                0x0000000000006024                svcUnmapMemory
 .text.svcQueryMemory
                0x000000000000602c       0x14 C:/devkitPro.900/libnx/lib\libnx.a(svc.o)
                0x000000000000602c                svcQueryMemory
 .text.svcExitProcess
                0x0000000000006040        0x8 C:/devkitPro.900/libnx/lib\libnx.a(svc.o)
                0x0000000000006040                svcExitProcess
 .text.svcSleepThread
                0x0000000000006048        0x8 C:/devkitPro.900/libnx/lib\libnx.a(svc.o)
                0x0000000000006048                svcSleepThread
 .text.svcMapSharedMemory
                0x0000000000006050        0x8 C:/devkitPro.900/libnx/lib\libnx.a(svc.o)
                0x0000000000006050                svcMapSharedMemory
 .text.svcUnmapSharedMemory
                0x0000000000006058        0x8 C:/devkitPro.900/libnx/lib\libnx.a(svc.o)
                0x0000000000006058                svcUnmapSharedMemory
 .text.svcCreateTransferMemory
                0x0000000000006060       0x14 C:/devkitPro.900/libnx/lib\libnx.a(svc.o)
                0x0000000000006060                svcCreateTransferMemory
 .text.svcCloseHandle
                0x0000000000006074        0x8 C:/devkitPro.900/libnx/lib\libnx.a(svc.o)
                0x0000000000006074                svcCloseHandle
 .text.svcResetSignal
                0x000000000000607c        0x8 C:/devkitPro.900/libnx/lib\libnx.a(svc.o)
                0x000000000000607c                svcResetSignal
 .text.svcWaitSynchronization
                0x0000000000006084       0x14 C:/devkitPro.900/libnx/lib\libnx.a(svc.o)
                0x0000000000006084                svcWaitSynchronization
 .text.svcArbitrateLock
                0x0000000000006098        0x8 C:/devkitPro.900/libnx/lib\libnx.a(svc.o)
                0x0000000000006098                svcArbitrateLock
 .text.svcArbitrateUnlock
                0x00000000000060a0        0x8 C:/devkitPro.900/libnx/lib\libnx.a(svc.o)
                0x00000000000060a0                svcArbitrateUnlock
 .text.svcWaitProcessWideKeyAtomic
                0x00000000000060a8        0x8 C:/devkitPro.900/libnx/lib\libnx.a(svc.o)
                0x00000000000060a8                svcWaitProcessWideKeyAtomic
 .text.svcSignalProcessWideKey
                0x00000000000060b0        0x8 C:/devkitPro.900/libnx/lib\libnx.a(svc.o)
                0x00000000000060b0                svcSignalProcessWideKey
 .text.svcConnectToNamedPort
                0x00000000000060b8       0x14 C:/devkitPro.900/libnx/lib\libnx.a(svc.o)
                0x00000000000060b8                svcConnectToNamedPort
 .text.svcSendSyncRequest
                0x00000000000060cc        0x8 C:/devkitPro.900/libnx/lib\libnx.a(svc.o)
                0x00000000000060cc                svcSendSyncRequest
 .text.svcBreak
                0x00000000000060d4        0x8 C:/devkitPro.900/libnx/lib\libnx.a(svc.o)
                0x00000000000060d4                svcBreak
 .text.svcReturnFromException
                0x00000000000060dc        0x8 C:/devkitPro.900/libnx/lib\libnx.a(svc.o)
                0x00000000000060dc                svcReturnFromException
 .text.svcGetInfo
                0x00000000000060e4       0x14 C:/devkitPro.900/libnx/lib\libnx.a(svc.o)
                0x00000000000060e4                svcGetInfo
 .text.svcUnmapTransferMemory
                0x00000000000060f8        0x8 C:/devkitPro.900/libnx/lib\libnx.a(svc.o)
                0x00000000000060f8                svcUnmapTransferMemory
 .text.svcCallSecureMonitor
                0x0000000000006100       0x34 C:/devkitPro.900/libnx/lib\libnx.a(svc.o)
                0x0000000000006100                svcCallSecureMonitor
 .text.__libnx_exception_entry
                0x0000000000006134      0x1c0 C:/devkitPro.900/libnx/lib\libnx.a(exception.o)
                0x0000000000006134                __libnx_exception_entry
 .text.__libnx_exception_returnentry
                0x00000000000062f4       0x18 C:/devkitPro.900/libnx/lib\libnx.a(exception.o)
                0x00000000000062f4                __libnx_exception_returnentry
 *fill*         0x000000000000630c        0x4 
 .text.eventLoadRemote
                0x0000000000006310        0xc C:/devkitPro.900/libnx/lib\libnx.a(event.o)
                0x0000000000006310                eventLoadRemote
 *fill*         0x000000000000631c        0x4 
 .text.eventWait
                0x0000000000006320       0x38 C:/devkitPro.900/libnx/lib\libnx.a(event.o)
                0x0000000000006320                eventWait
 *fill*         0x0000000000006358        0x8 
 .text.eventClose
                0x0000000000006360       0x50 C:/devkitPro.900/libnx/lib\libnx.a(event.o)
                0x0000000000006360                eventClose
 .text.tmemCreate
                0x00000000000063b0       0xa8 C:/devkitPro.900/libnx/lib\libnx.a(tmem.o)
                0x00000000000063b0                tmemCreate
 *fill*         0x0000000000006458        0x8 
 .text.tmemUnmap
                0x0000000000006460       0x58 C:/devkitPro.900/libnx/lib\libnx.a(tmem.o)
                0x0000000000006460                tmemUnmap
 *fill*         0x00000000000064b8        0x8 
 .text.tmemClose
                0x00000000000064c0       0x68 C:/devkitPro.900/libnx/lib\libnx.a(tmem.o)
                0x00000000000064c0                tmemClose
 *fill*         0x0000000000006528        0x8 
 .text.rwlockReadLock
                0x0000000000006530       0x58 C:/devkitPro.900/libnx/lib\libnx.a(rwlock.o)
                0x0000000000006530                rwlockReadLock
 *fill*         0x0000000000006588        0x8 
 .text.rwlockReadUnlock
                0x0000000000006590       0x5c C:/devkitPro.900/libnx/lib\libnx.a(rwlock.o)
                0x0000000000006590                rwlockReadUnlock
 *fill*         0x00000000000065ec        0x4 
 .text.rwlockWriteLock
                0x00000000000065f0       0x84 C:/devkitPro.900/libnx/lib\libnx.a(rwlock.o)
                0x00000000000065f0                rwlockWriteLock
 *fill*         0x0000000000006674        0xc 
 .text.rwlockWriteUnlock
                0x0000000000006680       0x3c C:/devkitPro.900/libnx/lib\libnx.a(rwlock.o)
                0x0000000000006680                rwlockWriteUnlock
 *fill*         0x00000000000066bc        0x4 
 .text._waitLoop
                0x00000000000066c0      0x104 C:/devkitPro.900/libnx/lib\libnx.a(wait.o)
 *fill*         0x00000000000067c4        0xc 
 .text._waitObjectsImpl
                0x00000000000067d0      0x338 C:/devkitPro.900/libnx/lib\libnx.a(wait.o)
 *fill*         0x0000000000006b08        0x8 
 .text.waitObjects
                0x0000000000006b10        0xc C:/devkitPro.900/libnx/lib\libnx.a(wait.o)
                0x0000000000006b10                waitObjects
 *fill*         0x0000000000006b1c        0x4 
 .text.shmemLoadRemote
                0x0000000000006b20       0x14 C:/devkitPro.900/libnx/lib\libnx.a(shmem.o)
                0x0000000000006b20                shmemLoadRemote
 *fill*         0x0000000000006b34        0xc 
 .text.shmemMap
                0x0000000000006b40       0x84 C:/devkitPro.900/libnx/lib\libnx.a(shmem.o)
                0x0000000000006b40                shmemMap
 *fill*         0x0000000000006bc4        0xc 
 .text.shmemUnmap
                0x0000000000006bd0       0x58 C:/devkitPro.900/libnx/lib\libnx.a(shmem.o)
                0x0000000000006bd0                shmemUnmap
 *fill*         0x0000000000006c28        0x8 
 .text.shmemClose
                0x0000000000006c30       0x44 C:/devkitPro.900/libnx/lib\libnx.a(shmem.o)
                0x0000000000006c30                shmemClose
 *fill*         0x0000000000006c74        0xc 
 .text.ipcCloseObjectById
                0x0000000000006c80       0x34 C:/devkitPro.900/libnx/lib\libnx.a(sm.o)
 *fill*         0x0000000000006cb4        0xc 
 .text.smAddOverrideHandle
                0x0000000000006cc0       0x44 C:/devkitPro.900/libnx/lib\libnx.a(sm.o)
                0x0000000000006cc0                smAddOverrideHandle
 *fill*         0x0000000000006d04        0xc 
 .text.smGetServiceOverride
                0x0000000000006d10       0x60 C:/devkitPro.900/libnx/lib\libnx.a(sm.o)
                0x0000000000006d10                smGetServiceOverride
 .text.smHasInitialized
                0x0000000000006d70       0x14 C:/devkitPro.900/libnx/lib\libnx.a(sm.o)
                0x0000000000006d70                smHasInitialized
 *fill*         0x0000000000006d84        0xc 
 .text.smExit   0x0000000000006d90       0x9c C:/devkitPro.900/libnx/lib\libnx.a(sm.o)
                0x0000000000006d90                smExit
 *fill*         0x0000000000006e2c        0x4 
 .text.smEncodeName
                0x0000000000006e30       0x38 C:/devkitPro.900/libnx/lib\libnx.a(sm.o)
                0x0000000000006e30                smEncodeName
 *fill*         0x0000000000006e68        0x8 
 .text.smGetServiceOriginal
                0x0000000000006e70      0x22c C:/devkitPro.900/libnx/lib\libnx.a(sm.o)
                0x0000000000006e70                smGetServiceOriginal
 *fill*         0x000000000000709c        0x4 
 .text.smInitialize
                0x00000000000070a0      0x27c C:/devkitPro.900/libnx/lib\libnx.a(sm.o)
                0x00000000000070a0                smInitialize
 *fill*         0x000000000000731c        0x4 
 .text.smGetService
                0x0000000000007320       0x74 C:/devkitPro.900/libnx/lib\libnx.a(sm.o)
                0x0000000000007320                smGetService
 *fill*         0x0000000000007394        0xc 
 .text._fatalImpl
                0x00000000000073a0      0x140 C:/devkitPro.900/libnx/lib\libnx.a(fatal.o)
 .text.fatalWithType
                0x00000000000074e0       0x14 C:/devkitPro.900/libnx/lib\libnx.a(fatal.o)
                0x00000000000074e0                fatalWithType
 *fill*         0x00000000000074f4        0xc 
 .text.fatalSimple
                0x0000000000007500       0x14 C:/devkitPro.900/libnx/lib\libnx.a(fatal.o)
                0x0000000000007500                fatalSimple
 *fill*         0x0000000000007514        0xc 
 .text.ipcCloseObjectById
                0x0000000000007520       0x34 C:/devkitPro.900/libnx/lib\libnx.a(apm.o)
 *fill*         0x0000000000007554        0xc 
 .text._apmGetSession.constprop.4
                0x0000000000007560      0x124 C:/devkitPro.900/libnx/lib\libnx.a(apm.o)
 *fill*         0x0000000000007684        0xc 
 .text.apmExit  0x0000000000007690       0xf0 C:/devkitPro.900/libnx/lib\libnx.a(apm.o)
                0x0000000000007690                apmExit
 .text.apmInitialize
                0x0000000000007780       0x70 C:/devkitPro.900/libnx/lib\libnx.a(apm.o)
                0x0000000000007780                apmInitialize
 .text.apmSetPerformanceConfiguration
                0x00000000000077f0       0xcc C:/devkitPro.900/libnx/lib\libnx.a(apm.o)
                0x00000000000077f0                apmSetPerformanceConfiguration
 *fill*         0x00000000000078bc        0x4 
 .text.argvSetup
                0x00000000000078c0      0x324 C:/devkitPro.900/libnx/lib\libnx.a(argv.o)
                0x00000000000078c0                argvSetup
 *fill*         0x0000000000007be4        0xc 
 .text.nxlinkSetup
                0x0000000000007bf0       0xc4 C:/devkitPro.900/libnx/lib\libnx.a(nxlink.o)
                0x0000000000007bf0                nxlinkSetup
 *fill*         0x0000000000007cb4        0xc 
 .text.__libnx_initheap
                0x0000000000007cc0       0xd8 C:/devkitPro.900/libnx/lib\libnx.a(init.o)
                0x0000000000007cc0                __libnx_initheap
 *fill*         0x0000000000007d98        0x8 
 .text.__appInit
                0x0000000000007da0       0xe4 C:/devkitPro.900/libnx/lib\libnx.a(init.o)
                0x0000000000007da0                __appInit
 *fill*         0x0000000000007e84        0xc 
 .text.__appExit
                0x0000000000007e90       0x44 C:/devkitPro.900/libnx/lib\libnx.a(init.o)
                0x0000000000007e90                __appExit
 *fill*         0x0000000000007ed4        0xc 
 .text.__libnx_init
                0x0000000000007ee0       0x28 C:/devkitPro.900/libnx/lib\libnx.a(init.o)
                0x0000000000007ee0                __libnx_init
 *fill*         0x0000000000007f08        0x8 
 .text.__libnx_exit
                0x0000000000007f10       0x20 C:/devkitPro.900/libnx/lib\libnx.a(init.o)
                0x0000000000007f10                __libnx_exit
 .text.__nx_dynamic
                0x0000000000007f30       0xa0 C:/devkitPro.900/libnx/lib\libnx.a(dynamic.o)
                0x0000000000007f30                __nx_dynamic
 .text.fsdev_link
                0x0000000000007fd0       0x10 C:/devkitPro.900/libnx/lib\libnx.a(fs_dev.o)
 .text.fsdev_dirreset
                0x0000000000007fe0       0x10 C:/devkitPro.900/libnx/lib\libnx.a(fs_dev.o)
 .text.fsdev_chmod
                0x0000000000007ff0       0x10 C:/devkitPro.900/libnx/lib\libnx.a(fs_dev.o)
 .text.error_cmp
                0x0000000000008000       0x1c C:/devkitPro.900/libnx/lib\libnx.a(fs_dev.o)
 *fill*         0x000000000000801c        0x4 
 .text.fsdev_translate_error
                0x0000000000008020       0x5c C:/devkitPro.900/libnx/lib\libnx.a(fs_dev.o)
 *fill*         0x000000000000807c        0x4 
 .text.fsdev_fsync
                0x0000000000008080       0x40 C:/devkitPro.900/libnx/lib\libnx.a(fs_dev.o)
 .text.fsdev_ftruncate
                0x00000000000080c0       0x60 C:/devkitPro.900/libnx/lib\libnx.a(fs_dev.o)
 .text.fsdev_dirclose
                0x0000000000008120       0x20 C:/devkitPro.900/libnx/lib\libnx.a(fs_dev.o)
 .text.fsdev_dirnext
                0x0000000000008140      0x16c C:/devkitPro.900/libnx/lib\libnx.a(fs_dev.o)
 *fill*         0x00000000000082ac        0x4 
 .text.fsdev_close
                0x00000000000082b0       0x1c C:/devkitPro.900/libnx/lib\libnx.a(fs_dev.o)
 *fill*         0x00000000000082cc        0x4 
 .text.fsdev_fstat
                0x00000000000082d0       0xa4 C:/devkitPro.900/libnx/lib\libnx.a(fs_dev.o)
 *fill*         0x0000000000008374        0xc 
 .text.fsdev_seek
                0x0000000000008380       0xb0 C:/devkitPro.900/libnx/lib\libnx.a(fs_dev.o)
 .text.fsdev_read
                0x0000000000008430      0x1a0 C:/devkitPro.900/libnx/lib\libnx.a(fs_dev.o)
 .text.fsdev_write
                0x00000000000085d0      0x1a8 C:/devkitPro.900/libnx/lib\libnx.a(fs_dev.o)
 *fill*         0x0000000000008778        0x8 
 .text.fsdevFindDevice
                0x0000000000008780      0x120 C:/devkitPro.900/libnx/lib\libnx.a(fs_dev.o)
 .text._fsdevMountDevice
                0x00000000000088a0      0x140 C:/devkitPro.900/libnx/lib\libnx.a(fs_dev.o)
 .text.fsdev_getfspath
                0x00000000000089e0      0x1fc C:/devkitPro.900/libnx/lib\libnx.a(fs_dev.o)
 *fill*         0x0000000000008bdc        0x4 
 .text.fsdev_rmdir
                0x0000000000008be0       0x70 C:/devkitPro.900/libnx/lib\libnx.a(fs_dev.o)
 .text.fsdev_statvfs
                0x0000000000008c50       0xd4 C:/devkitPro.900/libnx/lib\libnx.a(fs_dev.o)
 *fill*         0x0000000000008d24        0xc 
 .text.fsdev_diropen
                0x0000000000008d30       0xec C:/devkitPro.900/libnx/lib\libnx.a(fs_dev.o)
 *fill*         0x0000000000008e1c        0x4 
 .text.fsdev_mkdir
                0x0000000000008e20       0x70 C:/devkitPro.900/libnx/lib\libnx.a(fs_dev.o)
 .text.fsdev_rename
                0x0000000000008e90      0x114 C:/devkitPro.900/libnx/lib\libnx.a(fs_dev.o)
 *fill*         0x0000000000008fa4        0xc 
 .text.fsdev_chdir
                0x0000000000008fb0       0xe8 C:/devkitPro.900/libnx/lib\libnx.a(fs_dev.o)
 *fill*         0x0000000000009098        0x8 
 .text.fsdev_unlink
                0x00000000000090a0       0x70 C:/devkitPro.900/libnx/lib\libnx.a(fs_dev.o)
 .text.fsdev_stat
                0x0000000000009110      0x1bc C:/devkitPro.900/libnx/lib\libnx.a(fs_dev.o)
 *fill*         0x00000000000092cc        0x4 
 .text.fsdev_open
                0x00000000000092d0      0x19c C:/devkitPro.900/libnx/lib\libnx.a(fs_dev.o)
 *fill*         0x000000000000946c        0x4 
 .text._fsdevUnmountDeviceStruct.part.4
                0x0000000000009470       0xb8 C:/devkitPro.900/libnx/lib\libnx.a(fs_dev.o)
 *fill*         0x0000000000009528        0x8 
 .text.fsdev_fchmod
                0x0000000000009530       0x10 C:/devkitPro.900/libnx/lib\libnx.a(fs_dev.o)
 .text.fsdevMountSdmc
                0x0000000000009540      0x170 C:/devkitPro.900/libnx/lib\libnx.a(fs_dev.o)
                0x0000000000009540                fsdevMountSdmc
 .text.fsdevUnmountAll
                0x00000000000096b0       0x64 C:/devkitPro.900/libnx/lib\libnx.a(fs_dev.o)
                0x00000000000096b0                fsdevUnmountAll
 *fill*         0x0000000000009714        0xc 
 .text.ConsoleSwRenderer_flushAndSwap
                0x0000000000009720       0x70 C:/devkitPro.900/libnx/lib\libnx.a(console_sw.o)
 .text.ConsoleSwRenderer_scrollWindow
                0x0000000000009790       0xc4 C:/devkitPro.900/libnx/lib\libnx.a(console_sw.o)
 *fill*         0x0000000000009854        0xc 
 .text.ConsoleSwRenderer_drawChar
                0x0000000000009860      0x188 C:/devkitPro.900/libnx/lib\libnx.a(console_sw.o)
 *fill*         0x00000000000099e8        0x8 
 .text.ConsoleSwRenderer_deinit
                0x00000000000099f0       0x3c C:/devkitPro.900/libnx/lib\libnx.a(console_sw.o)
 *fill*         0x0000000000009a2c        0x4 
 .text.ConsoleSwRenderer_init
                0x0000000000009a30       0xf4 C:/devkitPro.900/libnx/lib\libnx.a(console_sw.o)
 *fill*         0x0000000000009b24        0xc 
 .text.getDefaultConsoleRenderer
                0x0000000000009b30        0xc C:/devkitPro.900/libnx/lib\libnx.a(console_sw.o)
                0x0000000000009b30                getDefaultConsoleRenderer
 *fill*         0x0000000000009b3c        0x4 
 .text.decode_utf8
                0x0000000000009b40      0x12c C:/devkitPro.900/libnx/lib\libnx.a(decode_utf8.o)
                0x0000000000009b40                decode_utf8
 .text.__aarch64_read_tp
                0x0000000000009c6c        0xc C:/devkitPro.900/libnx/lib\libnx.a(readtp.o)
                0x0000000000009c6c                __aarch64_read_tp
 *fill*         0x0000000000009c78        0x8 
 .text.condvarWaitTimeout
                0x0000000000009c80       0x60 C:/devkitPro.900/libnx/lib\libnx.a(condvar.o)
                0x0000000000009c80                condvarWaitTimeout
 .text._GetRegionFromInfo.isra.1
                0x0000000000009ce0       0x7c C:/devkitPro.900/libnx/lib\libnx.a(virtmem.o)
 *fill*         0x0000000000009d5c        0x4 
 .text.virtmemSetup
                0x0000000000009d60      0x114 C:/devkitPro.900/libnx/lib\libnx.a(virtmem.o)
                0x0000000000009d60                virtmemSetup
 *fill*         0x0000000000009e74        0xc 
 .text.virtmemReserve
                0x0000000000009e80      0x13c C:/devkitPro.900/libnx/lib\libnx.a(virtmem.o)
                0x0000000000009e80                virtmemReserve
 *fill*         0x0000000000009fbc        0x4 
 .text.virtmemFree
                0x0000000000009fc0        0x4 C:/devkitPro.900/libnx/lib\libnx.a(virtmem.o)
                0x0000000000009fc0                virtmemFree
 *fill*         0x0000000000009fc4        0xc 
 .text.mutexLock
                0x0000000000009fd0       0x8c C:/devkitPro.900/libnx/lib\libnx.a(mutex.o)
                0x0000000000009fd0                mutexLock
 *fill*         0x000000000000a05c        0x4 
 .text.mutexUnlock
                0x000000000000a060       0x30 C:/devkitPro.900/libnx/lib\libnx.a(mutex.o)
                0x000000000000a060                mutexUnlock
 .text.rmutexLock
                0x000000000000a090       0x4c C:/devkitPro.900/libnx/lib\libnx.a(mutex.o)
                0x000000000000a090                rmutexLock
 *fill*         0x000000000000a0dc        0x4 
 .text.rmutexUnlock
                0x000000000000a0e0       0x1c C:/devkitPro.900/libnx/lib\libnx.a(mutex.o)
                0x000000000000a0e0                rmutexUnlock
 *fill*         0x000000000000a0fc        0x4 
 .text.detectKernelVersion
                0x000000000000a100      0x17c C:/devkitPro.900/libnx/lib\libnx.a(detect.o)
                0x000000000000a100                detectKernelVersion
 *fill*         0x000000000000a27c        0x4 
 .text.detectDebugger
                0x000000000000a280       0x30 C:/devkitPro.900/libnx/lib\libnx.a(detect.o)
                0x000000000000a280                detectDebugger
 .text.ipcPrepareHeader
                0x000000000000a2b0      0x220 C:/devkitPro.900/libnx/lib\libnx.a(fs.o)
 .text.ipcParse
                0x000000000000a4d0      0x22c C:/devkitPro.900/libnx/lib\libnx.a(fs.o)
 *fill*         0x000000000000a6fc        0x4 
 .text.serviceIpcParse
                0x000000000000a700       0xb0 C:/devkitPro.900/libnx/lib\libnx.a(fs.o)
 .text.ipcCloseObjectById
                0x000000000000a7b0       0x34 C:/devkitPro.900/libnx/lib\libnx.a(fs.o)
 *fill*         0x000000000000a7e4        0xc 
 .text.fsInitialize
                0x000000000000a7f0      0x200 C:/devkitPro.900/libnx/lib\libnx.a(fs.o)
                0x000000000000a7f0                fsInitialize
 .text.fsExit   0x000000000000a9f0       0x9c C:/devkitPro.900/libnx/lib\libnx.a(fs.o)
                0x000000000000a9f0                fsExit
 *fill*         0x000000000000aa8c        0x4 
 .text.fsMountSdcard
                0x000000000000aa90      0x1ec C:/devkitPro.900/libnx/lib\libnx.a(fs.o)
                0x000000000000aa90                fsMountSdcard
 *fill*         0x000000000000ac7c        0x4 
 .text.fsFsCreateFile
                0x000000000000ac80      0x1a4 C:/devkitPro.900/libnx/lib\libnx.a(fs.o)
                0x000000000000ac80                fsFsCreateFile
 *fill*         0x000000000000ae24        0xc 
 .text.fsFsDeleteFile
                0x000000000000ae30      0x19c C:/devkitPro.900/libnx/lib\libnx.a(fs.o)
                0x000000000000ae30                fsFsDeleteFile
 *fill*         0x000000000000afcc        0x4 
 .text.fsFsCreateDirectory
                0x000000000000afd0      0x19c C:/devkitPro.900/libnx/lib\libnx.a(fs.o)
                0x000000000000afd0                fsFsCreateDirectory
 *fill*         0x000000000000b16c        0x4 
 .text.fsFsDeleteDirectory
                0x000000000000b170      0x19c C:/devkitPro.900/libnx/lib\libnx.a(fs.o)
                0x000000000000b170                fsFsDeleteDirectory
 *fill*         0x000000000000b30c        0x4 
 .text.fsFsRenameFile
                0x000000000000b310      0x214 C:/devkitPro.900/libnx/lib\libnx.a(fs.o)
                0x000000000000b310                fsFsRenameFile
 *fill*         0x000000000000b524        0xc 
 .text.fsFsRenameDirectory
                0x000000000000b530      0x214 C:/devkitPro.900/libnx/lib\libnx.a(fs.o)
                0x000000000000b530                fsFsRenameDirectory
 *fill*         0x000000000000b744        0xc 
 .text.fsFsGetEntryType
                0x000000000000b750      0x1b0 C:/devkitPro.900/libnx/lib\libnx.a(fs.o)
                0x000000000000b750                fsFsGetEntryType
 .text.fsFsOpenFile
                0x000000000000b900      0x150 C:/devkitPro.900/libnx/lib\libnx.a(fs.o)
                0x000000000000b900                fsFsOpenFile
 .text.fsFsOpenDirectory
                0x000000000000ba50      0x150 C:/devkitPro.900/libnx/lib\libnx.a(fs.o)
                0x000000000000ba50                fsFsOpenDirectory
 .text.fsFsGetFreeSpace
                0x000000000000bba0      0x1b0 C:/devkitPro.900/libnx/lib\libnx.a(fs.o)
                0x000000000000bba0                fsFsGetFreeSpace
 .text.fsFsGetTotalSpace
                0x000000000000bd50      0x1b0 C:/devkitPro.900/libnx/lib\libnx.a(fs.o)
                0x000000000000bd50                fsFsGetTotalSpace
 .text.fsFsGetFileTimeStampRaw
                0x000000000000bf00      0x194 C:/devkitPro.900/libnx/lib\libnx.a(fs.o)
                0x000000000000bf00                fsFsGetFileTimeStampRaw
 *fill*         0x000000000000c094        0xc 
 .text.fsFsClose
                0x000000000000c0a0       0x6c C:/devkitPro.900/libnx/lib\libnx.a(fs.o)
                0x000000000000c0a0                fsFsClose
 *fill*         0x000000000000c10c        0x4 
 .text.fsFileRead
                0x000000000000c110      0x1fc C:/devkitPro.900/libnx/lib\libnx.a(fs.o)
                0x000000000000c110                fsFileRead
 *fill*         0x000000000000c30c        0x4 
 .text.fsFileWrite
                0x000000000000c310      0x1c8 C:/devkitPro.900/libnx/lib\libnx.a(fs.o)
                0x000000000000c310                fsFileWrite
 *fill*         0x000000000000c4d8        0x8 
 .text.fsFileFlush
                0x000000000000c4e0      0x17c C:/devkitPro.900/libnx/lib\libnx.a(fs.o)
                0x000000000000c4e0                fsFileFlush
 *fill*         0x000000000000c65c        0x4 
 .text.fsFileSetSize
                0x000000000000c660      0x18c C:/devkitPro.900/libnx/lib\libnx.a(fs.o)
                0x000000000000c660                fsFileSetSize
 *fill*         0x000000000000c7ec        0x4 
 .text.fsFileGetSize
                0x000000000000c7f0      0x1c0 C:/devkitPro.900/libnx/lib\libnx.a(fs.o)
                0x000000000000c7f0                fsFileGetSize
 .text.fsFileClose
                0x000000000000c9b0       0x6c C:/devkitPro.900/libnx/lib\libnx.a(fs.o)
                0x000000000000c9b0                fsFileClose
 *fill*         0x000000000000ca1c        0x4 
 .text.fsDirClose
                0x000000000000ca20       0x6c C:/devkitPro.900/libnx/lib\libnx.a(fs.o)
                0x000000000000ca20                fsDirClose
 *fill*         0x000000000000ca8c        0x4 
 .text.fsDirRead
                0x000000000000ca90      0x1ec C:/devkitPro.900/libnx/lib\libnx.a(fs.o)
                0x000000000000ca90                fsDirRead
 *fill*         0x000000000000cc7c        0x4 
 .text.ipcCloseObjectById
                0x000000000000cc80       0x34 C:/devkitPro.900/libnx/lib\libnx.a(set.o)
 *fill*         0x000000000000ccb4        0xc 
 .text._setsysGetFirmwareVersionImpl
                0x000000000000ccc0      0x1d4 C:/devkitPro.900/libnx/lib\libnx.a(set.o)
 *fill*         0x000000000000ce94        0xc 
 .text.setsysInitialize
                0x000000000000cea0       0x3c C:/devkitPro.900/libnx/lib\libnx.a(set.o)
                0x000000000000cea0                setsysInitialize
 *fill*         0x000000000000cedc        0x4 
 .text.setsysExit
                0x000000000000cee0       0x9c C:/devkitPro.900/libnx/lib\libnx.a(set.o)
                0x000000000000cee0                setsysExit
 *fill*         0x000000000000cf7c        0x4 
 .text.setsysGetFirmwareVersion
                0x000000000000cf80       0x44 C:/devkitPro.900/libnx/lib\libnx.a(set.o)
                0x000000000000cf80                setsysGetFirmwareVersion
 *fill*         0x000000000000cfc4        0xc 
 .text.ipcCloseObjectById
                0x000000000000cfd0       0x34 C:/devkitPro.900/libnx/lib\libnx.a(time.o)
 *fill*         0x000000000000d004        0xc 
 .text._timeGetSession
                0x000000000000d010      0x12c C:/devkitPro.900/libnx/lib\libnx.a(time.o)
 *fill*         0x000000000000d13c        0x4 
 .text.timeExit
                0x000000000000d140      0x1ec C:/devkitPro.900/libnx/lib\libnx.a(time.o)
                0x000000000000d140                timeExit
 *fill*         0x000000000000d32c        0x4 
 .text.timeInitialize
                0x000000000000d330       0xd8 C:/devkitPro.900/libnx/lib\libnx.a(time.o)
                0x000000000000d330                timeInitialize
 *fill*         0x000000000000d408        0x8 
 .text.timeGetCurrentTime
                0x000000000000d410      0x124 C:/devkitPro.900/libnx/lib\libnx.a(time.o)
                0x000000000000d410                timeGetCurrentTime
 *fill*         0x000000000000d534        0xc 
 .text.timeToCalendarTimeWithMyRule
                0x000000000000d540      0x118 C:/devkitPro.900/libnx/lib\libnx.a(time.o)
                0x000000000000d540                timeToCalendarTimeWithMyRule
 *fill*         0x000000000000d658        0x8 
 .text._nwindowConnect
                0x000000000000d660       0x54 C:/devkitPro.900/libnx/lib\libnx.a(native_window.o)
 *fill*         0x000000000000d6b4        0xc 
 .text._nwindowDisconnect
                0x000000000000d6c0       0x40 C:/devkitPro.900/libnx/lib\libnx.a(native_window.o)
 .text.nwindowIsValid
                0x000000000000d700       0x24 C:/devkitPro.900/libnx/lib\libnx.a(native_window.o)
                0x000000000000d700                nwindowIsValid
 *fill*         0x000000000000d724        0xc 
 .text.nwindowClose
                0x000000000000d730       0x6c C:/devkitPro.900/libnx/lib\libnx.a(native_window.o)
                0x000000000000d730                nwindowClose
 *fill*         0x000000000000d79c        0x4 
 .text.nwindowCreate
                0x000000000000d7a0       0xd4 C:/devkitPro.900/libnx/lib\libnx.a(native_window.o)
                0x000000000000d7a0                nwindowCreate
 *fill*         0x000000000000d874        0xc 
 .text.nwindowCreateFromLayer
                0x000000000000d880       0x34 C:/devkitPro.900/libnx/lib\libnx.a(native_window.o)
                0x000000000000d880                nwindowCreateFromLayer
 *fill*         0x000000000000d8b4        0xc 
 .text.nwindowSetDimensions
                0x000000000000d8c0       0x88 C:/devkitPro.900/libnx/lib\libnx.a(native_window.o)
                0x000000000000d8c0                nwindowSetDimensions
 *fill*         0x000000000000d948        0x8 
 .text.nwindowConfigureBuffer
                0x000000000000d950      0x154 C:/devkitPro.900/libnx/lib\libnx.a(native_window.o)
                0x000000000000d950                nwindowConfigureBuffer
 *fill*         0x000000000000daa4        0xc 
 .text.nwindowDequeueBuffer
                0x000000000000dab0      0x1e4 C:/devkitPro.900/libnx/lib\libnx.a(native_window.o)
                0x000000000000dab0                nwindowDequeueBuffer
 *fill*         0x000000000000dc94        0xc 
 .text.nwindowQueueBuffer
                0x000000000000dca0      0x144 C:/devkitPro.900/libnx/lib\libnx.a(native_window.o)
                0x000000000000dca0                nwindowQueueBuffer
 *fill*         0x000000000000dde4        0xc 
 .text.nwindowReleaseBuffers
                0x000000000000ddf0       0xac C:/devkitPro.900/libnx/lib\libnx.a(native_window.o)
                0x000000000000ddf0                nwindowReleaseBuffers
 *fill*         0x000000000000de9c        0x4 
 .text.nwindowGetDefault
                0x000000000000dea0        0xc C:/devkitPro.900/libnx/lib\libnx.a(default_window.o)
                0x000000000000dea0                nwindowGetDefault
 *fill*         0x000000000000deac        0x4 
 .text.__nx_win_init
                0x000000000000deb0       0xc8 C:/devkitPro.900/libnx/lib\libnx.a(default_window.o)
                0x000000000000deb0                __nx_win_init
 *fill*         0x000000000000df78        0x8 
 .text.__nx_win_exit
                0x000000000000df80       0x34 C:/devkitPro.900/libnx/lib\libnx.a(default_window.o)
                0x000000000000df80                __nx_win_exit
 *fill*         0x000000000000dfb4        0xc 
 .text.ipcQueryPointerBufferSize
                0x000000000000dfc0       0xc8 C:/devkitPro.900/libnx/lib\libnx.a(binder.o)
 *fill*         0x000000000000e088        0x8 
 .text._binderTransactParcel
                0x000000000000e090      0x234 C:/devkitPro.900/libnx/lib\libnx.a(binder.o)
 *fill*         0x000000000000e2c4        0xc 
 .text._binderTransactParcelAuto
                0x000000000000e2d0      0x378 C:/devkitPro.900/libnx/lib\libnx.a(binder.o)
 *fill*         0x000000000000e648        0x8 
 .text.binderCreate
                0x000000000000e650       0x18 C:/devkitPro.900/libnx/lib\libnx.a(binder.o)
                0x000000000000e650                binderCreate
 *fill*         0x000000000000e668        0x8 
 .text.binderTransactParcel
                0x000000000000e670       0x10 C:/devkitPro.900/libnx/lib\libnx.a(binder.o)
                0x000000000000e670                binderTransactParcel
 .text.binderConvertErrorCode
                0x000000000000e680      0x124 C:/devkitPro.900/libnx/lib\libnx.a(binder.o)
                0x000000000000e680                binderConvertErrorCode
 *fill*         0x000000000000e7a4        0xc 
 .text.binderAdjustRefcount
                0x000000000000e7b0      0x1b4 C:/devkitPro.900/libnx/lib\libnx.a(binder.o)
                0x000000000000e7b0                binderAdjustRefcount
 *fill*         0x000000000000e964        0xc 
 .text.binderClose
                0x000000000000e970       0x74 C:/devkitPro.900/libnx/lib\libnx.a(binder.o)
                0x000000000000e970                binderClose
 *fill*         0x000000000000e9e4        0xc 
 .text.binderInitSession
                0x000000000000e9f0       0xcc C:/devkitPro.900/libnx/lib\libnx.a(binder.o)
                0x000000000000e9f0                binderInitSession
 *fill*         0x000000000000eabc        0x4 
 .text.binderGetNativeHandle
                0x000000000000eac0      0x24c C:/devkitPro.900/libnx/lib\libnx.a(binder.o)
                0x000000000000eac0                binderGetNativeHandle
 *fill*         0x000000000000ed0c        0x4 
 .text.bqRequestBuffer
                0x000000000000ed10       0xe8 C:/devkitPro.900/libnx/lib\libnx.a(buffer_producer.o)
                0x000000000000ed10                bqRequestBuffer
 *fill*         0x000000000000edf8        0x8 
 .text.bqDequeueBuffer
                0x000000000000ee00      0x154 C:/devkitPro.900/libnx/lib\libnx.a(buffer_producer.o)
                0x000000000000ee00                bqDequeueBuffer
 *fill*         0x000000000000ef54        0xc 
 .text.bqDetachBuffer
                0x000000000000ef60       0x9c C:/devkitPro.900/libnx/lib\libnx.a(buffer_producer.o)
                0x000000000000ef60                bqDetachBuffer
 *fill*         0x000000000000effc        0x4 
 .text.bqQueueBuffer
                0x000000000000f000       0xe0 C:/devkitPro.900/libnx/lib\libnx.a(buffer_producer.o)
                0x000000000000f000                bqQueueBuffer
 .text.bqCancelBuffer
                0x000000000000f0e0       0x90 C:/devkitPro.900/libnx/lib\libnx.a(buffer_producer.o)
                0x000000000000f0e0                bqCancelBuffer
 .text.bqConnect
                0x000000000000f170       0xe4 C:/devkitPro.900/libnx/lib\libnx.a(buffer_producer.o)
                0x000000000000f170                bqConnect
 *fill*         0x000000000000f254        0xc 
 .text.bqDisconnect
                0x000000000000f260       0x9c C:/devkitPro.900/libnx/lib\libnx.a(buffer_producer.o)
                0x000000000000f260                bqDisconnect
 *fill*         0x000000000000f2fc        0x4 
 .text.bqSetPreallocatedBuffer
                0x000000000000f300      0x178 C:/devkitPro.900/libnx/lib\libnx.a(buffer_producer.o)
                0x000000000000f300                bqSetPreallocatedBuffer
 *fill*         0x000000000000f478        0x8 
 .text.framebufferMakeLinear
                0x000000000000f480       0x80 C:/devkitPro.900/libnx/lib\libnx.a(framebuffer.o)
                0x000000000000f480                framebufferMakeLinear
 .text.framebufferClose
                0x000000000000f500       0x78 C:/devkitPro.900/libnx/lib\libnx.a(framebuffer.o)
                0x000000000000f500                framebufferClose
 *fill*         0x000000000000f578        0x8 
 .text.framebufferCreate
                0x000000000000f580      0x298 C:/devkitPro.900/libnx/lib\libnx.a(framebuffer.o)
                0x000000000000f580                framebufferCreate
 *fill*         0x000000000000f818        0x8 
 .text.framebufferBegin
                0x000000000000f820       0x80 C:/devkitPro.900/libnx/lib\libnx.a(framebuffer.o)
                0x000000000000f820                framebufferBegin
 .text.framebufferEnd
                0x000000000000f8a0      0x17c C:/devkitPro.900/libnx/lib\libnx.a(framebuffer.o)
                0x000000000000f8a0                framebufferEnd
 *fill*         0x000000000000fa1c        0x4 
 .text.__syscall_exit
                0x000000000000fa20       0x1c C:/devkitPro.900/libnx/lib\libnx.a(newlib.o)
                0x000000000000fa20                __syscall_exit
 *fill*         0x000000000000fa3c        0x4 
 .text.__syscall_getreent
                0x000000000000fa40       0x34 C:/devkitPro.900/libnx/lib\libnx.a(newlib.o)
                0x000000000000fa40                __syscall_getreent
 *fill*         0x000000000000fa74        0xc 
 .text.__syscall_lock_acquire
                0x000000000000fa80        0x4 C:/devkitPro.900/libnx/lib\libnx.a(newlib.o)
                0x000000000000fa80                __syscall_lock_acquire
 *fill*         0x000000000000fa84        0xc 
 .text.__syscall_lock_release
                0x000000000000fa90        0x4 C:/devkitPro.900/libnx/lib\libnx.a(newlib.o)
                0x000000000000fa90                __syscall_lock_release
 *fill*         0x000000000000fa94        0xc 
 .text.__syscall_lock_acquire_recursive
                0x000000000000faa0        0x4 C:/devkitPro.900/libnx/lib\libnx.a(newlib.o)
                0x000000000000faa0                __syscall_lock_acquire_recursive
 *fill*         0x000000000000faa4        0xc 
 .text.__syscall_lock_release_recursive
                0x000000000000fab0        0x4 C:/devkitPro.900/libnx/lib\libnx.a(newlib.o)
                0x000000000000fab0                __syscall_lock_release_recursive
 *fill*         0x000000000000fab4        0xc 
 .text.__libnx_init_time
                0x000000000000fac0      0x27c C:/devkitPro.900/libnx/lib\libnx.a(newlib.o)
                0x000000000000fac0                __libnx_init_time
 *fill*         0x000000000000fd3c        0x4 
 .text.newlibSetup
                0x000000000000fd40       0x80 C:/devkitPro.900/libnx/lib\libnx.a(newlib.o)
                0x000000000000fd40                newlibSetup
 .text.armDCacheFlush
                0x000000000000fdc0       0x3c C:/devkitPro.900/libnx/lib\libnx.a(cache.o)
                0x000000000000fdc0                armDCacheFlush
 *fill*         0x000000000000fdfc        0x4 
 .text.ipcCloseObjectById
                0x000000000000fe00       0x34 C:/devkitPro.900/libnx/lib\libnx.a(vi.o)
 *fill*         0x000000000000fe34        0xc 
 .text._viGetSession.constprop.7
                0x000000000000fe40      0x134 C:/devkitPro.900/libnx/lib\libnx.a(vi.o)
 *fill*         0x000000000000ff74        0xc 
 .text.viExit   0x000000000000ff80      0x1e4 C:/devkitPro.900/libnx/lib\libnx.a(vi.o)
                0x000000000000ff80                viExit
 *fill*         0x0000000000010164        0xc 
 .text.viInitialize
                0x0000000000010170      0x300 C:/devkitPro.900/libnx/lib\libnx.a(vi.o)
                0x0000000000010170                viInitialize
 .text.viGetSession_IHOSBinderDriverRelay
                0x0000000000010470        0xc C:/devkitPro.900/libnx/lib\libnx.a(vi.o)
                0x0000000000010470                viGetSession_IHOSBinderDriverRelay
 *fill*         0x000000000001047c        0x4 
 .text.viOpenDisplay
                0x0000000000010480      0x140 C:/devkitPro.900/libnx/lib\libnx.a(vi.o)
                0x0000000000010480                viOpenDisplay
 .text.viCloseDisplay
                0x00000000000105c0      0x104 C:/devkitPro.900/libnx/lib\libnx.a(vi.o)
                0x00000000000105c0                viCloseDisplay
 *fill*         0x00000000000106c4        0xc 
 .text.viCloseLayer
                0x00000000000106d0      0x104 C:/devkitPro.900/libnx/lib\libnx.a(vi.o)
                0x00000000000106d0                viCloseLayer
 *fill*         0x00000000000107d4        0xc 
 .text.viCreateLayer
                0x00000000000107e0      0x370 C:/devkitPro.900/libnx/lib\libnx.a(vi.o)
                0x00000000000107e0                viCreateLayer
 .text.viSetLayerScalingMode
                0x0000000000010b50       0xe8 C:/devkitPro.900/libnx/lib\libnx.a(vi.o)
                0x0000000000010b50                viSetLayerScalingMode
 *fill*         0x0000000000010c38        0x8 
 .text.ipcCloseObjectById
                0x0000000000010c40       0x34 C:/devkitPro.900/libnx/lib\libnx.a(nv.o)
 *fill*         0x0000000000010c74        0xc 
 .text._nvSetClientPID
                0x0000000000010c80       0xd8 C:/devkitPro.900/libnx/lib\libnx.a(nv.o)
 *fill*         0x0000000000010d58        0x8 
 .text.ipcQueryPointerBufferSize.constprop.10
                0x0000000000010d60       0xc8 C:/devkitPro.900/libnx/lib\libnx.a(nv.o)
 *fill*         0x0000000000010e28        0x8 
 .text._nvInitialize.constprop.8
                0x0000000000010e30       0xf0 C:/devkitPro.900/libnx/lib\libnx.a(nv.o)
 .text.ipcCloneSession.constprop.9
                0x0000000000010f20      0x10c C:/devkitPro.900/libnx/lib\libnx.a(nv.o)
 *fill*         0x000000000001102c        0x4 
 .text.nvExit   0x0000000000011030      0x100 C:/devkitPro.900/libnx/lib\libnx.a(nv.o)
                0x0000000000011030                nvExit
 .text.nvInitialize
                0x0000000000011130      0x184 C:/devkitPro.900/libnx/lib\libnx.a(nv.o)
                0x0000000000011130                nvInitialize
 *fill*         0x00000000000112b4        0xc 
 .text.nvConvertError
                0x00000000000112c0      0x12c C:/devkitPro.900/libnx/lib\libnx.a(nv.o)
                0x00000000000112c0                nvConvertError
 *fill*         0x00000000000113ec        0x4 
 .text.nvOpen   0x00000000000113f0      0x12c C:/devkitPro.900/libnx/lib\libnx.a(nv.o)
                0x00000000000113f0                nvOpen
 *fill*         0x000000000001151c        0x4 
 .text.nvIoctl  0x0000000000011520      0x270 C:/devkitPro.900/libnx/lib\libnx.a(nv.o)
                0x0000000000011520                nvIoctl
 .text.nvClose  0x0000000000011790       0xdc C:/devkitPro.900/libnx/lib\libnx.a(nv.o)
                0x0000000000011790                nvClose
 *fill*         0x000000000001186c        0x4 
 .text.nvQueryEvent
                0x0000000000011870      0x15c C:/devkitPro.900/libnx/lib\libnx.a(nv.o)
                0x0000000000011870                nvQueryEvent
 *fill*         0x00000000000119cc        0x4 
 .text.nvMapInit
                0x00000000000119d0       0x6c C:/devkitPro.900/libnx/lib\libnx.a(map.o)
                0x00000000000119d0                nvMapInit
 *fill*         0x0000000000011a3c        0x4 
 .text.nvMapExit
                0x0000000000011a40       0x68 C:/devkitPro.900/libnx/lib\libnx.a(map.o)
                0x0000000000011a40                nvMapExit
 *fill*         0x0000000000011aa8        0x8 
 .text.nvMapClose
                0x0000000000011ab0       0x84 C:/devkitPro.900/libnx/lib\libnx.a(map.o)
                0x0000000000011ab0                nvMapClose
 *fill*         0x0000000000011b34        0xc 
 .text.nvMapCreate
                0x0000000000011b40      0x150 C:/devkitPro.900/libnx/lib\libnx.a(map.o)
                0x0000000000011b40                nvMapCreate
 .text._nvFenceEventWaitCommon
                0x0000000000011c90       0x60 C:/devkitPro.900/libnx/lib\libnx.a(fence.o)
 .text.nvFenceInit
                0x0000000000011cf0       0x5c C:/devkitPro.900/libnx/lib\libnx.a(fence.o)
                0x0000000000011cf0                nvFenceInit
 *fill*         0x0000000000011d4c        0x4 
 .text.nvFenceExit
                0x0000000000011d50       0x98 C:/devkitPro.900/libnx/lib\libnx.a(fence.o)
                0x0000000000011d50                nvFenceExit
 *fill*         0x0000000000011de8        0x8 
 .text.nvFenceWait
                0x0000000000011df0      0x1e4 C:/devkitPro.900/libnx/lib\libnx.a(fence.o)
                0x0000000000011df0                nvFenceWait
 *fill*         0x0000000000011fd4        0xc 
 .text.nvMultiFenceWait
                0x0000000000011fe0       0x7c C:/devkitPro.900/libnx/lib\libnx.a(fence.o)
                0x0000000000011fe0                nvMultiFenceWait
 *fill*         0x000000000001205c        0x4 
 .text.nvioctlNvmap_Create
                0x0000000000012060       0x3c C:/devkitPro.900/libnx/lib\libnx.a(nvmap.o)
                0x0000000000012060                nvioctlNvmap_Create
 *fill*         0x000000000001209c        0x4 
 .text.nvioctlNvmap_Alloc
                0x00000000000120a0       0x30 C:/devkitPro.900/libnx/lib\libnx.a(nvmap.o)
                0x00000000000120a0                nvioctlNvmap_Alloc
 .text.nvioctlNvmap_Free
                0x00000000000120d0       0x30 C:/devkitPro.900/libnx/lib\libnx.a(nvmap.o)
                0x00000000000120d0                nvioctlNvmap_Free
 .text.nvioctlNvmap_GetId
                0x0000000000012100       0x3c C:/devkitPro.900/libnx/lib\libnx.a(nvmap.o)
                0x0000000000012100                nvioctlNvmap_GetId
 *fill*         0x000000000001213c        0x4 
 .text.nvioctlNvhostCtrl_EventSignal
                0x0000000000012140       0x24 C:/devkitPro.900/libnx/lib\libnx.a(nvhost-ctrl.o)
                0x0000000000012140                nvioctlNvhostCtrl_EventSignal
 *fill*         0x0000000000012164        0xc 
 .text.nvioctlNvhostCtrl_EventWait
                0x0000000000012170       0x3c C:/devkitPro.900/libnx/lib\libnx.a(nvhost-ctrl.o)
                0x0000000000012170                nvioctlNvhostCtrl_EventWait
 *fill*         0x00000000000121ac        0x4 
 .text.nvioctlNvhostCtrl_EventWaitAsync
                0x00000000000121b0       0x28 C:/devkitPro.900/libnx/lib\libnx.a(nvhost-ctrl.o)
                0x00000000000121b0                nvioctlNvhostCtrl_EventWaitAsync
 *fill*         0x00000000000121d8        0x8 
 .text.nvioctlNvhostCtrl_EventRegister
                0x00000000000121e0       0x24 C:/devkitPro.900/libnx/lib\libnx.a(nvhost-ctrl.o)
                0x00000000000121e0                nvioctlNvhostCtrl_EventRegister
 *fill*         0x0000000000012204        0xc 
 .text.nvioctlNvhostCtrl_EventUnregister
                0x0000000000012210       0x24 C:/devkitPro.900/libnx/lib\libnx.a(nvhost-ctrl.o)
                0x0000000000012210                nvioctlNvhostCtrl_EventUnregister
 *fill*         0x0000000000012234        0xc 
 .text.parcelCreate
                0x0000000000012240       0x28 C:/devkitPro.900/libnx/lib\libnx.a(parcel.o)
                0x0000000000012240                parcelCreate
 *fill*         0x0000000000012268        0x8 
 .text.parcelTransact
                0x0000000000012270      0x19c C:/devkitPro.900/libnx/lib\libnx.a(parcel.o)
                0x0000000000012270                parcelTransact
 *fill*         0x000000000001240c        0x4 
 .text.parcelWriteData
                0x0000000000012410       0x88 C:/devkitPro.900/libnx/lib\libnx.a(parcel.o)
                0x0000000000012410                parcelWriteData
 *fill*         0x0000000000012498        0x8 
 .text.parcelReadData
                0x00000000000124a0       0x98 C:/devkitPro.900/libnx/lib\libnx.a(parcel.o)
                0x00000000000124a0                parcelReadData
 *fill*         0x0000000000012538        0x8 
 .text.parcelWriteInt32
                0x0000000000012540       0x20 C:/devkitPro.900/libnx/lib\libnx.a(parcel.o)
                0x0000000000012540                parcelWriteInt32
 .text.parcelWriteUInt32
                0x0000000000012560       0x20 C:/devkitPro.900/libnx/lib\libnx.a(parcel.o)
                0x0000000000012560                parcelWriteUInt32
 .text.parcelWriteString16
                0x0000000000012580       0x80 C:/devkitPro.900/libnx/lib\libnx.a(parcel.o)
                0x0000000000012580                parcelWriteString16
 .text.parcelWriteInterfaceToken
                0x0000000000012600       0x30 C:/devkitPro.900/libnx/lib\libnx.a(parcel.o)
                0x0000000000012600                parcelWriteInterfaceToken
 .text.parcelReadInt32
                0x0000000000012630       0x24 C:/devkitPro.900/libnx/lib\libnx.a(parcel.o)
                0x0000000000012630                parcelReadInt32
 *fill*         0x0000000000012654        0xc 
 .text.parcelReadFlattenedObject
                0x0000000000012660       0x68 C:/devkitPro.900/libnx/lib\libnx.a(parcel.o)
                0x0000000000012660                parcelReadFlattenedObject
 *fill*         0x00000000000126c8        0x8 
 .text.parcelWriteFlattenedObject
                0x00000000000126d0       0x44 C:/devkitPro.900/libnx/lib\libnx.a(parcel.o)
                0x00000000000126d0                parcelWriteFlattenedObject
 *fill*         0x0000000000012714        0x4 
 .text.aligned_alloc
                0x0000000000012718       0x38 c:/devkitpro.900/devkita64/bin/../lib/gcc/aarch64-none-elf/8.3.0/../../../../aarch64-none-elf/lib/pic\libg.a(lib_a-aligned_alloc.o)
                0x0000000000012718                aligned_alloc
 .text.bsearch  0x0000000000012750       0xb8 c:/devkitpro.900/devkita64/bin/../lib/gcc/aarch64-none-elf/8.3.0/../../../../aarch64-none-elf/lib/pic\libg.a(lib_a-bsearch.o)
                0x0000000000012750                bsearch
 .text.calloc   0x0000000000012808       0x30 c:/devkitpro.900/devkita64/bin/../lib/gcc/aarch64-none-elf/8.3.0/../../../../aarch64-none-elf/lib/pic\libg.a(lib_a-calloc.o)
                0x0000000000012808                calloc
 .text._calloc_r
                0x0000000000012838       0x94 c:/devkitpro.900/devkita64/bin/../lib/gcc/aarch64-none-elf/8.3.0/../../../../aarch64-none-elf/lib/pic\libg.a(lib_a-callocr.o)
                0x0000000000012838                _calloc_r
 *fill*         0x00000000000128cc        0x4 
 .text.__errno  0x00000000000128d0       0x14 c:/devkitpro.900/devkita64/bin/../lib/gcc/aarch64-none-elf/8.3.0/../../../../aarch64-none-elf/lib/pic\libg.a(lib_a-errno.o)
                0x00000000000128d0                __errno
 *fill*         0x00000000000128e4        0x4 
 .text._fclose_r
                0x00000000000128e8      0x15c c:/devkitpro.900/devkita64/bin/../lib/gcc/aarch64-none-elf/8.3.0/../../../../aarch64-none-elf/lib/pic\libg.a(lib_a-fclose.o)
                0x00000000000128e8                _fclose_r
 *fill*         0x0000000000012a44        0x4 
 .text.fclose   0x0000000000012a48       0x1c c:/devkitpro.900/devkita64/bin/../lib/gcc/aarch64-none-elf/8.3.0/../../../../aarch64-none-elf/lib/pic\libg.a(lib_a-fclose.o)
                0x0000000000012a48                fclose
 *fill*         0x0000000000012a64        0x4 
 .text.__sflush_r
                0x0000000000012a68      0x214 c:/devkitpro.900/devkita64/bin/../lib/gcc/aarch64-none-elf/8.3.0/../../../../aarch64-none-elf/lib/pic\libg.a(lib_a-fflush.o)
                0x0000000000012a68                __sflush_r
 *fill*         0x0000000000012c7c        0x4 
 .text._fflush_r
                0x0000000000012c80       0xb8 c:/devkitpro.900/devkita64/bin/../lib/gcc/aarch64-none-elf/8.3.0/../../../../aarch64-none-elf/lib/pic\libg.a(lib_a-fflush.o)
                0x0000000000012c80                _fflush_r
 .text.fflush   0x0000000000012d38       0x40 c:/devkitpro.900/devkita64/bin/../lib/gcc/aarch64-none-elf/8.3.0/../../../../aarch64-none-elf/lib/pic\libg.a(lib_a-fflush.o)
                0x0000000000012d38                fflush
 .text.std      0x0000000000012d78       0x78 c:/devkitpro.900/devkita64/bin/../lib/gcc/aarch64-none-elf/8.3.0/../../../../aarch64-none-elf/lib/pic\libg.a(lib_a-findfp.o)
 .text._cleanup_r
                0x0000000000012df0        0xc c:/devkitpro.900/devkita64/bin/../lib/gcc/aarch64-none-elf/8.3.0/../../../../aarch64-none-elf/lib/pic\libg.a(lib_a-findfp.o)
                0x0000000000012df0                _cleanup_r
 *fill*         0x0000000000012dfc        0x4 
 .text.__sfmoreglue
                0x0000000000012e00       0x60 c:/devkitpro.900/devkita64/bin/../lib/gcc/aarch64-none-elf/8.3.0/../../../../aarch64-none-elf/lib/pic\libg.a(lib_a-findfp.o)
                0x0000000000012e00                __sfmoreglue
 .text.__sfp_lock_acquire
                0x0000000000012e60        0xc c:/devkitpro.900/devkita64/bin/../lib/gcc/aarch64-none-elf/8.3.0/../../../../aarch64-none-elf/lib/pic\libg.a(lib_a-findfp.o)
                0x0000000000012e60                __sfp_lock_acquire
 *fill*         0x0000000000012e6c        0x4 
 .text.__sfp_lock_release
                0x0000000000012e70        0xc c:/devkitpro.900/devkita64/bin/../lib/gcc/aarch64-none-elf/8.3.0/../../../../aarch64-none-elf/lib/pic\libg.a(lib_a-findfp.o)
                0x0000000000012e70                __sfp_lock_release
 *fill*         0x0000000000012e7c        0x4 
 .text.__sinit_lock_acquire
                0x0000000000012e80        0xc c:/devkitpro.900/devkita64/bin/../lib/gcc/aarch64-none-elf/8.3.0/../../../../aarch64-none-elf/lib/pic\libg.a(lib_a-findfp.o)
                0x0000000000012e80                __sinit_lock_acquire
 *fill*         0x0000000000012e8c        0x4 
 .text.__sinit_lock_release
                0x0000000000012e90        0xc c:/devkitpro.900/devkita64/bin/../lib/gcc/aarch64-none-elf/8.3.0/../../../../aarch64-none-elf/lib/pic\libg.a(lib_a-findfp.o)
                0x0000000000012e90                __sinit_lock_release
 *fill*         0x0000000000012e9c        0x4 
 .text.__sinit  0x0000000000012ea0       0x80 c:/devkitpro.900/devkita64/bin/../lib/gcc/aarch64-none-elf/8.3.0/../../../../aarch64-none-elf/lib/pic\libg.a(lib_a-findfp.o)
                0x0000000000012ea0                __sinit
 .text.__sfp    0x0000000000012f20      0x118 c:/devkitpro.900/devkita64/bin/../lib/gcc/aarch64-none-elf/8.3.0/../../../../aarch64-none-elf/lib/pic\libg.a(lib_a-findfp.o)
                0x0000000000012f20                __sfp
 .text.__libc_fini_array
                0x0000000000013038       0x44 c:/devkitpro.900/devkita64/bin/../lib/gcc/aarch64-none-elf/8.3.0/../../../../aarch64-none-elf/lib/pic\libg.a(lib_a-fini.o)
                0x0000000000013038                __libc_fini_array
 *fill*         0x000000000001307c        0x4 
 .text._fopen_r
                0x0000000000013080      0x130 c:/devkitpro.900/devkita64/bin/../lib/gcc/aarch64-none-elf/8.3.0/../../../../aarch64-none-elf/lib/pic\libg.a(lib_a-fopen.o)
                0x0000000000013080                _fopen_r
 .text.fopen    0x00000000000131b0       0x30 c:/devkitpro.900/devkita64/bin/../lib/gcc/aarch64-none-elf/8.3.0/../../../../aarch64-none-elf/lib/pic\libg.a(lib_a-fopen.o)
                0x00000000000131b0                fopen
 .text._fread_r
                0x00000000000131e0      0x328 c:/devkitpro.900/devkita64/bin/../lib/gcc/aarch64-none-elf/8.3.0/../../../../aarch64-none-elf/lib/pic\libg.a(lib_a-fread.o)
                0x00000000000131e0                _fread_r
 .text.fread    0x0000000000013508       0x40 c:/devkitpro.900/devkita64/bin/../lib/gcc/aarch64-none-elf/8.3.0/../../../../aarch64-none-elf/lib/pic\libg.a(lib_a-fread.o)
                0x0000000000013508                fread
 .text._malloc_trim_r
                0x0000000000013548      0x118 c:/devkitpro.900/devkita64/bin/../lib/gcc/aarch64-none-elf/8.3.0/../../../../aarch64-none-elf/lib/pic\libg.a(lib_a-freer.o)
                0x0000000000013548                _malloc_trim_r
 .text._free_r  0x0000000000013660      0x2f4 c:/devkitpro.900/devkita64/bin/../lib/gcc/aarch64-none-elf/8.3.0/../../../../aarch64-none-elf/lib/pic\libg.a(lib_a-freer.o)
                0x0000000000013660                _free_r
 *fill*         0x0000000000013954        0x4 
 .text._fseek_r
                0x0000000000013958        0x4 c:/devkitpro.900/devkita64/bin/../lib/gcc/aarch64-none-elf/8.3.0/../../../../aarch64-none-elf/lib/pic\libg.a(lib_a-fseek.o)
                0x0000000000013958                _fseek_r
 *fill*         0x000000000001395c        0x4 
 .text._fseeko_r
                0x0000000000013960      0x4c4 c:/devkitpro.900/devkita64/bin/../lib/gcc/aarch64-none-elf/8.3.0/../../../../aarch64-none-elf/lib/pic\libg.a(lib_a-fseeko.o)
                0x0000000000013960                _fseeko_r
 *fill*         0x0000000000013e24        0x4 
 .text._fwalk   0x0000000000013e28       0xb8 c:/devkitpro.900/devkita64/bin/../lib/gcc/aarch64-none-elf/8.3.0/../../../../aarch64-none-elf/lib/pic\libg.a(lib_a-fwalk.o)
                0x0000000000013e28                _fwalk
 .text._fwalk_reent
                0x0000000000013ee0       0xbc c:/devkitpro.900/devkita64/bin/../lib/gcc/aarch64-none-elf/8.3.0/../../../../aarch64-none-elf/lib/pic\libg.a(lib_a-fwalk.o)
                0x0000000000013ee0                _fwalk_reent
 *fill*         0x0000000000013f9c        0x4 
 .text.__libc_init_array
                0x0000000000013fa0       0x8c c:/devkitpro.900/devkita64/bin/../lib/gcc/aarch64-none-elf/8.3.0/../../../../aarch64-none-elf/lib/pic\libg.a(lib_a-init.o)
                0x0000000000013fa0                __libc_init_array
 *fill*         0x000000000001402c        0x4 
 .text.__swhatbuf_r
                0x0000000000014030       0xa4 c:/devkitpro.900/devkita64/bin/../lib/gcc/aarch64-none-elf/8.3.0/../../../../aarch64-none-elf/lib/pic\libg.a(lib_a-makebuf.o)
                0x0000000000014030                __swhatbuf_r
 *fill*         0x00000000000140d4        0x4 
 .text.__smakebuf_r
                0x00000000000140d8      0x10c c:/devkitpro.900/devkita64/bin/../lib/gcc/aarch64-none-elf/8.3.0/../../../../aarch64-none-elf/lib/pic\libg.a(lib_a-makebuf.o)
                0x00000000000140d8                __smakebuf_r
 *fill*         0x00000000000141e4        0x4 
 .text.memalign
                0x00000000000141e8       0x30 c:/devkitpro.900/devkita64/bin/../lib/gcc/aarch64-none-elf/8.3.0/../../../../aarch64-none-elf/lib/pic\libg.a(lib_a-malign.o)
                0x00000000000141e8                memalign
 .text._memalign_r
                0x0000000000014218      0x198 c:/devkitpro.900/devkita64/bin/../lib/gcc/aarch64-none-elf/8.3.0/../../../../aarch64-none-elf/lib/pic\libg.a(lib_a-malignr.o)
                0x0000000000014218                _memalign_r
 .text.malloc   0x00000000000143b0       0x1c c:/devkitpro.900/devkita64/bin/../lib/gcc/aarch64-none-elf/8.3.0/../../../../aarch64-none-elf/lib/pic\libg.a(lib_a-malloc.o)
                0x00000000000143b0                malloc
 *fill*         0x00000000000143cc        0x4 
 .text.free     0x00000000000143d0       0x1c c:/devkitpro.900/devkita64/bin/../lib/gcc/aarch64-none-elf/8.3.0/../../../../aarch64-none-elf/lib/pic\libg.a(lib_a-malloc.o)
                0x00000000000143d0                free
 *fill*         0x00000000000143ec        0x4 
 .text._malloc_r
                0x00000000000143f0      0x87c c:/devkitpro.900/devkita64/bin/../lib/gcc/aarch64-none-elf/8.3.0/../../../../aarch64-none-elf/lib/pic\libg.a(lib_a-mallocr.o)
                0x00000000000143f0                _malloc_r
 .text          0x0000000000014c6c       0xd8 c:/devkitpro.900/devkita64/bin/../lib/gcc/aarch64-none-elf/8.3.0/../../../../aarch64-none-elf/lib/pic\libg.a(lib_a-memchr.o)
                0x0000000000014c6c                memchr
 *fill*         0x0000000000014d44       0x3c 
 .text          0x0000000000014d80      0x16c c:/devkitpro.900/devkita64/bin/../lib/gcc/aarch64-none-elf/8.3.0/../../../../aarch64-none-elf/lib/pic\libg.a(lib_a-memcpy.o)
                0x0000000000014d80                memcpy
 *fill*         0x0000000000014eec       0x14 
 .text          0x0000000000014f00      0x1dc c:/devkitpro.900/devkita64/bin/../lib/gcc/aarch64-none-elf/8.3.0/../../../../aarch64-none-elf/lib/pic\libg.a(lib_a-memset.o)
                0x0000000000014f00                memset
 *fill*         0x00000000000150dc        0x4 
 .text.__malloc_lock
                0x00000000000150e0        0xc c:/devkitpro.900/devkita64/bin/../lib/gcc/aarch64-none-elf/8.3.0/../../../../aarch64-none-elf/lib/pic\libg.a(lib_a-mlock.o)
                0x00000000000150e0                __malloc_lock
 *fill*         0x00000000000150ec        0x4 
 .text.__malloc_unlock
                0x00000000000150f0        0xc c:/devkitpro.900/devkita64/bin/../lib/gcc/aarch64-none-elf/8.3.0/../../../../aarch64-none-elf/lib/pic\libg.a(lib_a-mlock.o)
                0x00000000000150f0                __malloc_unlock
 *fill*         0x00000000000150fc        0x4 
 .text.printf   0x0000000000015100       0x8c c:/devkitpro.900/devkita64/bin/../lib/gcc/aarch64-none-elf/8.3.0/../../../../aarch64-none-elf/lib/pic\libg.a(lib_a-printf.o)
                0x0000000000015100                printf
 *fill*         0x000000000001518c        0x4 
 .text._puts_r  0x0000000000015190       0xd4 c:/devkitpro.900/devkita64/bin/../lib/gcc/aarch64-none-elf/8.3.0/../../../../aarch64-none-elf/lib/pic\libg.a(lib_a-puts.o)
                0x0000000000015190                _puts_r
 *fill*         0x0000000000015264        0x4 
 .text.puts     0x0000000000015268       0x1c c:/devkitpro.900/devkita64/bin/../lib/gcc/aarch64-none-elf/8.3.0/../../../../aarch64-none-elf/lib/pic\libg.a(lib_a-puts.o)
                0x0000000000015268                puts
 *fill*         0x0000000000015284        0x4 
 .text.lflush   0x0000000000015288       0x20 c:/devkitpro.900/devkita64/bin/../lib/gcc/aarch64-none-elf/8.3.0/../../../../aarch64-none-elf/lib/pic\libg.a(lib_a-refill.o)
 .text.__srefill_r
                0x00000000000152a8      0x1d0 c:/devkitpro.900/devkita64/bin/../lib/gcc/aarch64-none-elf/8.3.0/../../../../aarch64-none-elf/lib/pic\libg.a(lib_a-refill.o)
                0x00000000000152a8                __srefill_r
 .text.setenv   0x0000000000015478       0x3c c:/devkitpro.900/devkita64/bin/../lib/gcc/aarch64-none-elf/8.3.0/../../../../aarch64-none-elf/lib/pic\libg.a(lib_a-setenv.o)
                0x0000000000015478                setenv
 *fill*         0x00000000000154b4        0x4 
 .text._setenv_r
                0x00000000000154b8      0x264 c:/devkitpro.900/devkita64/bin/../lib/gcc/aarch64-none-elf/8.3.0/../../../../aarch64-none-elf/lib/pic\libg.a(lib_a-setenv_r.o)
                0x00000000000154b8                _setenv_r
 *fill*         0x000000000001571c        0x4 
 .text.setvbuf  0x0000000000015720      0x25c c:/devkitpro.900/devkita64/bin/../lib/gcc/aarch64-none-elf/8.3.0/../../../../aarch64-none-elf/lib/pic\libg.a(lib_a-setvbuf.o)
                0x0000000000015720                setvbuf
 *fill*         0x000000000001597c        0x4 
 .text.sscanf   0x0000000000015980       0xbc c:/devkitpro.900/devkita64/bin/../lib/gcc/aarch64-none-elf/8.3.0/../../../../aarch64-none-elf/lib/pic\libg.a(lib_a-sscanf.o)
                0x0000000000015980                sscanf
 *fill*         0x0000000000015a3c        0x4 
 .text.__sread  0x0000000000015a40       0x50 c:/devkitpro.900/devkita64/bin/../lib/gcc/aarch64-none-elf/8.3.0/../../../../aarch64-none-elf/lib/pic\libg.a(lib_a-stdio.o)
                0x0000000000015a40                __sread
 .text.__seofread
                0x0000000000015a90        0x8 c:/devkitpro.900/devkita64/bin/../lib/gcc/aarch64-none-elf/8.3.0/../../../../aarch64-none-elf/lib/pic\libg.a(lib_a-stdio.o)
                0x0000000000015a90                __seofread
 .text.__swrite
                0x0000000000015a98       0x6c c:/devkitpro.900/devkita64/bin/../lib/gcc/aarch64-none-elf/8.3.0/../../../../aarch64-none-elf/lib/pic\libg.a(lib_a-stdio.o)
                0x0000000000015a98                __swrite
 *fill*         0x0000000000015b04        0x4 
 .text.__sseek  0x0000000000015b08       0x50 c:/devkitpro.900/devkita64/bin/../lib/gcc/aarch64-none-elf/8.3.0/../../../../aarch64-none-elf/lib/pic\libg.a(lib_a-stdio.o)
                0x0000000000015b08                __sseek
 .text.__sclose
                0x0000000000015b58        0x8 c:/devkitpro.900/devkita64/bin/../lib/gcc/aarch64-none-elf/8.3.0/../../../../aarch64-none-elf/lib/pic\libg.a(lib_a-stdio.o)
                0x0000000000015b58                __sclose
 .text          0x0000000000015b60       0xdc c:/devkitpro.900/devkita64/bin/../lib/gcc/aarch64-none-elf/8.3.0/../../../../aarch64-none-elf/lib/pic\libg.a(lib_a-strchr.o)
                0x0000000000015b60                strchr
 *fill*         0x0000000000015c3c        0x4 
 .text          0x0000000000015c40      0x140 c:/devkitpro.900/devkita64/bin/../lib/gcc/aarch64-none-elf/8.3.0/../../../../aarch64-none-elf/lib/pic\libg.a(lib_a-strlen.o)
                0x0000000000015c40                strlen
 .text.strncat  0x0000000000015d80       0x84 c:/devkitpro.900/devkita64/bin/../lib/gcc/aarch64-none-elf/8.3.0/../../../../aarch64-none-elf/lib/pic\libg.a(lib_a-strncat.o)
                0x0000000000015d80                strncat
 *fill*         0x0000000000015e04       0x3c 
 .text          0x0000000000015e40      0x1d4 c:/devkitpro.900/devkita64/bin/../lib/gcc/aarch64-none-elf/8.3.0/../../../../aarch64-none-elf/lib/pic\libg.a(lib_a-strncmp.o)
                0x0000000000015e5c                strncmp
 *fill*         0x0000000000016014        0x4 
 .text.strncpy  0x0000000000016018       0xa8 c:/devkitpro.900/devkita64/bin/../lib/gcc/aarch64-none-elf/8.3.0/../../../../aarch64-none-elf/lib/pic\libg.a(lib_a-strncpy.o)
                0x0000000000016018                strncpy
 .text          0x00000000000160c0       0xe0 c:/devkitpro.900/devkita64/bin/../lib/gcc/aarch64-none-elf/8.3.0/../../../../aarch64-none-elf/lib/pic\libg.a(lib_a-strnlen.o)
                0x00000000000160e4                strnlen
 .text._strtoul_l.isra.0
                0x00000000000161a0      0x1ac c:/devkitpro.900/devkita64/bin/../lib/gcc/aarch64-none-elf/8.3.0/../../../../aarch64-none-elf/lib/pic\libg.a(lib_a-strtoul.o)
 *fill*         0x000000000001634c        0x4 
 .text._strtoul_r
                0x0000000000016350       0x34 c:/devkitpro.900/devkita64/bin/../lib/gcc/aarch64-none-elf/8.3.0/../../../../aarch64-none-elf/lib/pic\libg.a(lib_a-strtoul.o)
                0x0000000000016350                _strtoul_r
 *fill*         0x0000000000016384        0x4 
 .text.strtoul  0x0000000000016388       0x48 c:/devkitpro.900/devkita64/bin/../lib/gcc/aarch64-none-elf/8.3.0/../../../../aarch64-none-elf/lib/pic\libg.a(lib_a-strtoul.o)
                0x0000000000016388                strtoul
 .text.get_arg  0x00000000000163d0       0x5c c:/devkitpro.900/devkita64/bin/../lib/gcc/aarch64-none-elf/8.3.0/../../../../aarch64-none-elf/lib/pic\libg.a(lib_a-svfscanf.o)
 .text.__ssvfscanf_r
                0x000000000001642c     0x2fd8 c:/devkitpro.900/devkita64/bin/../lib/gcc/aarch64-none-elf/8.3.0/../../../../aarch64-none-elf/lib/pic\libg.a(lib_a-svfscanf.o)
                0x000000000001642c                __ssvfscanf_r
 .text.get_arg  0x0000000000019404      0x76c c:/devkitpro.900/devkita64/bin/../lib/gcc/aarch64-none-elf/8.3.0/../../../../aarch64-none-elf/lib/pic\libg.a(lib_a-vfprintf.o)
 .text._vfprintf_r
                0x0000000000019b70     0x3c28 c:/devkitpro.900/devkita64/bin/../lib/gcc/aarch64-none-elf/8.3.0/../../../../aarch64-none-elf/lib/pic\libg.a(lib_a-vfprintf.o)
                0x0000000000019b70                _vfprintf_r
 .text.__sbprintf
                0x000000000001d798       0xec c:/devkitpro.900/devkita64/bin/../lib/gcc/aarch64-none-elf/8.3.0/../../../../aarch64-none-elf/lib/pic\libg.a(lib_a-vfprintf.o)
 *fill*         0x000000000001d884        0x4 
 .text._wcrtomb_r
                0x000000000001d888       0xd0 c:/devkitpro.900/devkita64/bin/../lib/gcc/aarch64-none-elf/8.3.0/../../../../aarch64-none-elf/lib/pic\libg.a(lib_a-wcrtomb.o)
                0x000000000001d888                _wcrtomb_r
 .text._wcsrtombs_r
                0x000000000001d958       0x10 c:/devkitpro.900/devkita64/bin/../lib/gcc/aarch64-none-elf/8.3.0/../../../../aarch64-none-elf/lib/pic\libg.a(lib_a-wcsrtombs.o)
                0x000000000001d958                _wcsrtombs_r
 .text.__swsetup_r
                0x000000000001d968      0x140 c:/devkitpro.900/devkita64/bin/../lib/gcc/aarch64-none-elf/8.3.0/../../../../aarch64-none-elf/lib/pic\libg.a(lib_a-wsetup.o)
                0x000000000001d968                __swsetup_r
 .text.__call_exitprocs
                0x000000000001daa8      0x124 c:/devkitpro.900/devkita64/bin/../lib/gcc/aarch64-none-elf/8.3.0/../../../../aarch64-none-elf/lib/pic\libg.a(lib_a-__call_atexit.o)
                0x000000000001daa8                __call_exitprocs
 *fill*         0x000000000001dbcc        0x4 
 .text.quorem   0x000000000001dbd0      0x1a8 c:/devkitpro.900/devkita64/bin/../lib/gcc/aarch64-none-elf/8.3.0/../../../../aarch64-none-elf/lib/pic\libg.a(lib_a-dtoa.o)
 .text._dtoa_r  0x000000000001dd78     0x10dc c:/devkitpro.900/devkita64/bin/../lib/gcc/aarch64-none-elf/8.3.0/../../../../aarch64-none-elf/lib/pic\libg.a(lib_a-dtoa.o)
                0x000000000001dd78                _dtoa_r
 *fill*         0x000000000001ee54        0x4 
 .text.__env_lock
                0x000000000001ee58        0xc c:/devkitpro.900/devkita64/bin/../lib/gcc/aarch64-none-elf/8.3.0/../../../../aarch64-none-elf/lib/pic\libg.a(lib_a-envlock.o)
                0x000000000001ee58                __env_lock
 *fill*         0x000000000001ee64        0x4 
 .text.__env_unlock
                0x000000000001ee68        0xc c:/devkitpro.900/devkita64/bin/../lib/gcc/aarch64-none-elf/8.3.0/../../../../aarch64-none-elf/lib/pic\libg.a(lib_a-envlock.o)
                0x000000000001ee68                __env_unlock
 *fill*         0x000000000001ee74        0x4 
 .text.__sflags
                0x000000000001ee78       0xa8 c:/devkitpro.900/devkita64/bin/../lib/gcc/aarch64-none-elf/8.3.0/../../../../aarch64-none-elf/lib/pic\libg.a(lib_a-flags.o)
                0x000000000001ee78                __sflags
 .text.__sfvwrite_r
                0x000000000001ef20      0x4b8 c:/devkitpro.900/devkita64/bin/../lib/gcc/aarch64-none-elf/8.3.0/../../../../aarch64-none-elf/lib/pic\libg.a(lib_a-fvwrite.o)
                0x000000000001ef20                __sfvwrite_r
 .text._findenv_r
                0x000000000001f3d8      0x100 c:/devkitpro.900/devkita64/bin/../lib/gcc/aarch64-none-elf/8.3.0/../../../../aarch64-none-elf/lib/pic\libg.a(lib_a-getenv_r.o)
                0x000000000001f3d8                _findenv_r
 .text.iswspace
                0x000000000001f4d8        0x8 c:/devkitpro.900/devkita64/bin/../lib/gcc/aarch64-none-elf/8.3.0/../../../../aarch64-none-elf/lib/pic\libg.a(lib_a-iswspace.o)
                0x000000000001f4d8                iswspace
 .text.__localeconv_l
                0x000000000001f4e0        0x8 c:/devkitpro.900/devkita64/bin/../lib/gcc/aarch64-none-elf/8.3.0/../../../../aarch64-none-elf/lib/pic\libg.a(lib_a-localeconv.o)
                0x000000000001f4e0                __localeconv_l
 .text._localeconv_r
                0x000000000001f4e8       0x28 c:/devkitpro.900/devkita64/bin/../lib/gcc/aarch64-none-elf/8.3.0/../../../../aarch64-none-elf/lib/pic\libg.a(lib_a-localeconv.o)
                0x000000000001f4e8                _localeconv_r
 .text.__locale_mb_cur_max
                0x000000000001f510       0x2c c:/devkitpro.900/devkita64/bin/../lib/gcc/aarch64-none-elf/8.3.0/../../../../aarch64-none-elf/lib/pic\libg.a(lib_a-locale.o)
                0x000000000001f510                __locale_mb_cur_max
 *fill*         0x000000000001f53c        0x4 
 .text._mbrtowc_r
                0x000000000001f540       0xd8 c:/devkitpro.900/devkita64/bin/../lib/gcc/aarch64-none-elf/8.3.0/../../../../aarch64-none-elf/lib/pic\libg.a(lib_a-mbrtowc.o)
                0x000000000001f540                _mbrtowc_r
 .text.__utf8_mbtowc
                0x000000000001f618      0x2c8 c:/devkitpro.900/devkita64/bin/../lib/gcc/aarch64-none-elf/8.3.0/../../../../aarch64-none-elf/lib/pic\libg.a(lib_a-mbtowc_r.o)
                0x000000000001f618                __utf8_mbtowc
 *fill*         0x000000000001f8e0       0x20 
 .text          0x000000000001f900       0xac c:/devkitpro.900/devkita64/bin/../lib/gcc/aarch64-none-elf/8.3.0/../../../../aarch64-none-elf/lib/pic\libg.a(lib_a-memmove.o)
                0x000000000001f900                memmove
 *fill*         0x000000000001f9ac        0x4 
 .text._Balloc  0x000000000001f9b0       0x90 c:/devkitpro.900/devkita64/bin/../lib/gcc/aarch64-none-elf/8.3.0/../../../../aarch64-none-elf/lib/pic\libg.a(lib_a-mprec.o)
                0x000000000001f9b0                _Balloc
 .text._Bfree   0x000000000001fa40       0x1c c:/devkitpro.900/devkita64/bin/../lib/gcc/aarch64-none-elf/8.3.0/../../../../aarch64-none-elf/lib/pic\libg.a(lib_a-mprec.o)
                0x000000000001fa40                _Bfree
 *fill*         0x000000000001fa5c        0x4 
 .text.__multadd
                0x000000000001fa60       0xe8 c:/devkitpro.900/devkita64/bin/../lib/gcc/aarch64-none-elf/8.3.0/../../../../aarch64-none-elf/lib/pic\libg.a(lib_a-mprec.o)
                0x000000000001fa60                __multadd